               :-) GROMACS - gmx grompp, 2023.3-plumed_2.9.0 (-:

Executable:   /sulis/easybuild/software/GROMACS/2023.3-foss-2023a-CUDA-12.1.1-PLUMED-2.9.0/bin/gmx
Data prefix:  /sulis/easybuild/software/GROMACS/2023.3-foss-2023a-CUDA-12.1.1-PLUMED-2.9.0
Working dir:  /gpfs/home/m/matgms/BBBP-MD/basolateral/candidates/neg/129750291
Command line:
  gmx grompp -f equilibrate.mdp -o equilibrate.tpr -c setup.gro -r setup.gro -p topol.top

Generating 1-4 interactions: fudge = 1
Number of degrees of freedom in T-Coupling group System is 171672.00

Back Off! I just backed up equilibrate.tpr to ./#equilibrate.tpr.1#

GROMACS reminds you: "Religion is a culture of faith; science is a culture of doubt." (Richard Feynman)

Setting the LD random seed to -1159732225

Generated 167799 of the 167910 non-bonded parameter combinations

Generated 117432 of the 167910 1-4 parameter combinations

Excluding 3 bonded neighbours molecule type 'CHL1'

turning H bonds into constraints...

Excluding 3 bonded neighbours molecule type 'SAPC'

turning H bonds into constraints...

Excluding 3 bonded neighbours molecule type 'SLPC'

turning H bonds into constraints...

Excluding 3 bonded neighbours molecule type 'SAPS'

turning H bonds into constraints...

Excluding 3 bonded neighbours molecule type 'OSM'

turning H bonds into constraints...

Excluding 3 bonded neighbours molecule type 'SAPE'

turning H bonds into constraints...

Excluding 3 bonded neighbours molecule type 'SOPE'

turning H bonds into constraints...

Excluding 3 bonded neighbours molecule type 'SAPI'

turning H bonds into constraints...

Excluding 3 bonded neighbours molecule type 'POPC'

turning H bonds into constraints...

Excluding 1 bonded neighbours molecule type 'SOD'

turning H bonds into constraints...

Excluding 1 bonded neighbours molecule type 'CLA'

turning H bonds into constraints...

Excluding 2 bonded neighbours molecule type 'TIP3'

turning H bonds into constraints...

Excluding 3 bonded neighbours molecule type 'LIG'

turning H bonds into constraints...

The center of mass of the position restraint coord's is  2.311  3.680 10.825

The center of mass of the position restraint coord's is  2.311  3.680 10.825
Analysing residue names:
There are: 19971      Other residues
Analysing residues not classified as Protein/DNA/RNA/Water and splitting into groups...

The largest distance between excluded atoms is 0.416 nm between atom 3872 and 3882

Determining Verlet buffer for a tolerance of 0.005 kJ/mol/ps at 310 K

Calculated rlist for 1x1 atom pair-list as 1.488 nm, buffer size 0.288 nm

Set rlist, assuming 4x4 atom pair-list, to 1.330 nm, buffer size 0.130 nm

Note that mdrun will redetermine rlist based on the actual pair-list setup
Calculating fourier grid dimensions for X Y Z
Using a fourier grid of 60x60x144, spacing 0.113 0.113 0.120

Estimate for the relative computational load of the PME mesh part: 0.13

This run will generate roughly 592 Mb of data
                :-) GROMACS - gmx mdrun, 2023.3-plumed_2.9.0 (-:

Executable:   /sulis/easybuild/software/GROMACS/2023.3-foss-2023a-CUDA-12.1.1-PLUMED-2.9.0/bin/gmx
Data prefix:  /sulis/easybuild/software/GROMACS/2023.3-foss-2023a-CUDA-12.1.1-PLUMED-2.9.0
Working dir:  /gpfs/home/m/matgms/BBBP-MD/basolateral/candidates/neg/129750291
Command line:
  gmx mdrun -nt 42 -v -deffnm equilibrate -plumed equilibrate


Back Off! I just backed up equilibrate.log to ./#equilibrate.log.1#
Reading file equilibrate.tpr, VERSION 2023.3-plumed_2.9.0 (single precision)
Update groups can not be used for this system because atoms that are (in)directly constrained together are interdispersed with other atoms

1 GPU selected for this run.
Mapping of GPU IDs to the 2 GPU tasks in the 1 rank on this node:
  PP:0,PME:0
PP tasks will do (non-perturbed) short-ranged interactions on the GPU
PP task will update and constrain coordinates on the CPU
PME tasks will do all aspects on the GPU
Using 1 MPI thread

Non-default thread affinity set, disabling internal thread affinity

Using 42 OpenMP threads 


Back Off! I just backed up equilibrate.xtc to ./#equilibrate.xtc.1#

Back Off! I just backed up equilibrate.edr to ./#equilibrate.edr.1#
starting mdrun 'Title'
50000000 steps, 100000.0 ps.

Step 0, time 0 (ps)  LINCS WARNING
relative constraint deviation after LINCS:
rms 0.031090, max 3.563264 (between atoms 81336 and 81358)
bonds that rotated more than 30 degrees:
 atom 1 atom 2  angle  previous, current, constraint length
  81336  81358   90.0    0.1112   0.5070      0.1111
  81339  81360   90.0    0.1108   0.1786      0.1111
Wrote pdb files with previous and current coordinates

Step 0  Warning: pressure scaling more than 1%, mu: 1.21767 1.21767 1.01385
step 0
Step 1, time 0.002 (ps)  LINCS WARNING
relative constraint deviation after LINCS:
rms 0.058296, max 5.247815 (between atoms 81339 and 81360)
bonds that rotated more than 30 degrees:
 atom 1 atom 2  angle  previous, current, constraint length
  81336  81358   90.0    0.5745   0.3328      0.1111
  81338  81359   90.0    0.1216   0.2738      0.1100
  81339  81360   90.0    0.2014   0.6941      0.1111
  81349  81370   90.0    0.1270   0.4852      0.1080
Wrote pdb files with previous and current coordinates
srun: error: ngpu015: task 0: Segmentation fault (core dumped)
srun: launch/slurm: _step_signal: Terminating StepId=1190799.0
