                      :-) GROMACS - gmx grompp, 2023.3 (-:

Executable:   /scrtp/avon/eb/software/GROMACS/2023.3-foss-2021b-CUDA-11.4.1/bin/gmx
Data prefix:  /scrtp/avon/eb/software/GROMACS/2023.3-foss-2021b-CUDA-11.4.1
Working dir:  /gpfs/home/rawsys/matgms/BBBP-MD/charmm-gui-2066971497/gromacs-em-ewald
Command line:
  gmx grompp -f step6.2_equilibration.mdp -o step6.2_equilibration.tpr -c step6.1_equilibration.gro -r step6.1_equilibration.gro -p topol.top -n index.ndx

Replacing old mdp entry 'nstxtcout' by 'nstxout-compressed'

WARNING 1 [file step6.2_equilibration.mdp, line 57]:
  Unknown left-hand 'lgen-seed' in parameter file


Generating 1-4 interactions: fudge = 1
Number of degrees of freedom in T-Coupling group SYSTEM is 120696.00

NOTE 1 [file step6.2_equilibration.mdp]:
  The optimal PME mesh load for parallel simulations is below 0.5
  and for highly parallel simulations between 0.25 and 0.33,
  for higher performance, increase the cut-off and the PME grid spacing.



NOTE 2 [file step6.2_equilibration.mdp]:
  This run will generate roughly 7702 Mb of data


There were 2 NOTEs

There was 1 WARNING

-------------------------------------------------------
Program:     gmx grompp, version 2023.3
Source file: src/gromacs/gmxpreprocess/grompp.cpp (line 2691)

Fatal error:
Too many warnings (1).
If you are sure all warnings are harmless, use the -maxwarn option.

For more information and tips for troubleshooting, please check the GROMACS
website at http://www.gromacs.org/Documentation/Errors
-------------------------------------------------------
Setting the LD random seed to -356582033

Generated 615 of the 630 non-bonded parameter combinations

Generated 334 of the 630 1-4 parameter combinations

Excluding 3 bonded neighbours molecule type 'DOPE'

turning H bonds into constraints...

Excluding 3 bonded neighbours molecule type '23SM'

turning H bonds into constraints...

Excluding 3 bonded neighbours molecule type 'CHL1'

turning H bonds into constraints...

Excluding 3 bonded neighbours molecule type 'DOPC'

turning H bonds into constraints...

Excluding 1 bonded neighbours molecule type 'SOD'

turning H bonds into constraints...

Excluding 1 bonded neighbours molecule type 'CLA'

turning H bonds into constraints...

Excluding 2 bonded neighbours molecule type 'TIP3'

turning H bonds into constraints...

Searching the wall atom type(s)

The largest distance between excluded atoms is 0.420 nm between atom 13123 and 13132

Determining Verlet buffer for a tolerance of 0.005 kJ/mol/ps at 300 K

Calculated rlist for 1x1 atom pair-list as 1.471 nm, buffer size 0.271 nm

Set rlist, assuming 4x4 atom pair-list, to 1.310 nm, buffer size 0.110 nm

Note that mdrun will redetermine rlist based on the actual pair-list setup
Calculating fourier grid dimensions for X Y Z
Using a fourier grid of 72x72x768, spacing 0.107 0.107 0.117

Estimate for the relative computational load of the PME mesh part: 0.68
srun: error: gpu009: task 0: Exited with exit code 1
srun: launch/slurm: _step_signal: Terminating StepId=987878.0
