                :-) GROMACS - gmx mdrun, 2023.3-plumed_2.9.0 (-:

Copyright 1991-2023 The GROMACS Authors.
GROMACS is free software; you can redistribute it and/or modify it
under the terms of the GNU Lesser General Public License
as published by the Free Software Foundation; either version 2.1
of the License, or (at your option) any later version.

                         Current GROMACS contributors:
       Mark Abraham           Andrey Alekseenko           Cathrine Bergh      
      Christian Blau            Eliane Briand             Mahesh Doijade      
    Stefan Fleischmann           Vytas Gapsys              Gaurav Garg        
      Sergey Gorelov         Gilles Gouaillardet            Alan Gray         
     M. Eric Irrgang         Farzaneh Jalalypour            Joe Jordan        
    Christoph Junghans        Prashanth Kanduri          Sebastian Keller     
     Carsten Kutzner           Justin A. Lemkul          Magnus Lundborg      
       Pascal Merz              Vedran Miletic            Dmitry Morozov      
       Szilard Pall             Roland Schulz             Michael Shirts      
     Alexey Shvetsov            Balint Soproni         David van der Spoel    
      Philip Turner             Carsten Uphoff           Alessandra Villa     
 Sebastian Wingbermuehle        Artem Zhmurov       

                         Previous GROMACS contributors:
        Emile Apol             Rossen Apostolov           James Barnett       
  Herman J.C. Berendsen          Par Bjelkmar           Viacheslav Bolnykh    
        Kevin Boyd            Aldert van Buuren          Carlo Camilloni      
     Rudi van Drunen            Anton Feenstra           Oliver Fleetwood     
     Gerrit Groenhof            Bert de Groot             Anca Hamuraru       
    Vincent Hindriksen          Victor Holanda           Aleksei Iupinov      
   Dimitrios Karkoulis           Peter Kasson             Sebastian Kehl      
        Jiri Kraus               Per Larsson              Viveca Lindahl      
      Erik Marklund           Pieter Meulenhoff           Teemu Murtola       
       Sander Pronk             Alfons Sijbers            Peter Tieleman      
       Jon Vincent             Teemu Virolainen         Christian Wennberg    
       Maarten Wolf       

                  Coordinated by the GROMACS project leaders:
                    Paul Bauer, Berk Hess, and Erik Lindahl

GROMACS:      gmx mdrun, version 2023.3-plumed_2.9.0
Executable:   /scrtp/avon/eb/software/GROMACS/2023.3-foss-2023a-CUDA-12.1.1-PLUMED-2.9.0/bin/gmx
Data prefix:  /scrtp/avon/eb/software/GROMACS/2023.3-foss-2023a-CUDA-12.1.1-PLUMED-2.9.0
Working dir:  /gpfs/home/rawsys/matgms/BBBP-MD/basolateral/charmm-gui-2960967181-nacl-charmm36/gromacs/isopropanol
Process ID:   2672071
Command line:
  gmx mdrun -nt 16 -v -deffnm smd_vfast -plumed smd_vfast

GROMACS version:    2023.3-plumed_2.9.0
Precision:          mixed
Memory model:       64 bit
MPI library:        thread_mpi
OpenMP support:     enabled (GMX_OPENMP_MAX_THREADS = 128)
GPU support:        CUDA
NB cluster size:    8
SIMD instructions:  AVX_512
CPU FFT library:    fftw-3.3.10-sse2-avx-avx2-avx2_128
GPU FFT library:    cuFFT
Multi-GPU FFT:      none
RDTSCP usage:       enabled
TNG support:        enabled
Hwloc support:      disabled
Tracing support:    disabled
C compiler:         /scrtp/avon/eb/software/OpenMPI/4.1.5-GCC-12.3.0/bin/mpicc GNU 12.3.0
C compiler flags:   -fexcess-precision=fast -funroll-all-loops -mavx512f -mfma -mavx512vl -mavx512dq -mavx512bw -Wno-missing-field-initializers -O3 -DNDEBUG
C++ compiler:       /scrtp/avon/eb/software/OpenMPI/4.1.5-GCC-12.3.0/bin/mpicxx GNU 12.3.0
C++ compiler flags: -fexcess-precision=fast -funroll-all-loops -mavx512f -mfma -mavx512vl -mavx512dq -mavx512bw -Wno-missing-field-initializers -Wno-cast-function-type-strict -fopenmp -O3 -DNDEBUG
BLAS library:       External - user-supplied
LAPACK library:     External - user-supplied
CUDA compiler:      /scrtp/avon/eb/software/CUDA/12.1.1/bin/nvcc nvcc: NVIDIA (R) Cuda compiler driver;Copyright (c) 2005-2023 NVIDIA Corporation;Built on Mon_Apr__3_17:16:06_PDT_2023;Cuda compilation tools, release 12.1, V12.1.105;Build cuda_12.1.r12.1/compiler.32688072_0
CUDA compiler flags:-std=c++17;--generate-code=arch=compute_75,code=sm_75;-use_fast_math;-Xptxas;-warn-double-usage;-Xptxas;-Werror;-D_FORCE_INLINES;-fexcess-precision=fast -funroll-all-loops -mavx512f -mfma -mavx512vl -mavx512dq -mavx512bw -Wno-missing-field-initializers -Wno-cast-function-type-strict -fopenmp -O3 -DNDEBUG
CUDA driver:        12.20
CUDA runtime:       12.10


Running on 1 node with total 16 cores, 16 processing units, 1 compatible GPU
Hardware detected on host gpu007.avon.hpc:
  CPU info:
    Vendor: Intel
    Brand:  Intel(R) Xeon(R) Platinum 8268 CPU @ 2.90GHz
    Family: 6   Model: 85   Stepping: 7
    Features: aes apic avx avx2 avx512f avx512cd avx512bw avx512vl avx512secondFMA clfsh cmov cx8 cx16 f16c fma htt intel lahf mmx msr nonstop_tsc pcid pclmuldq pdcm pdpe1gb popcnt pse rdrnd rdtscp sse2 sse3 sse4.1 sse4.2 ssse3 tdt x2apic
    Number of AVX-512 FMA units: 2
  Hardware topology: Basic
    Packages, cores, and logical processors:
    [indices refer to OS logical processors]
      Package  0: [   0] [   2] [   4] [   6] [   8] [  10] [  12] [  14] [  16] [  18] [  20] [  22] [  24] [  26] [  28] [  30]
    CPU limit set by OS: -1   Recommended max number of threads: 16
  GPU info:
    Number of GPUs detected: 1
    #0: NVIDIA Quadro RTX 6000, compute cap.: 7.5, ECC: yes, stat: compatible


++++ PLEASE READ AND CITE THE FOLLOWING REFERENCE ++++
M. J. Abraham, T. Murtola, R. Schulz, S. Páll, J. C. Smith, B. Hess, E.
Lindahl
GROMACS: High performance molecular simulations through multi-level
parallelism from laptops to supercomputers
SoftwareX 1 (2015) pp. 19-25
-------- -------- --- Thank You --- -------- --------


++++ PLEASE READ AND CITE THE FOLLOWING REFERENCE ++++
S. Páll, M. J. Abraham, C. Kutzner, B. Hess, E. Lindahl
Tackling Exascale Software Challenges in Molecular Dynamics Simulations with
GROMACS
In S. Markidis & E. Laure (Eds.), Solving Software Challenges for Exascale 8759 (2015) pp. 3-27
-------- -------- --- Thank You --- -------- --------


++++ PLEASE READ AND CITE THE FOLLOWING REFERENCE ++++
S. Pronk, S. Páll, R. Schulz, P. Larsson, P. Bjelkmar, R. Apostolov, M. R.
Shirts, J. C. Smith, P. M. Kasson, D. van der Spoel, B. Hess, and E. Lindahl
GROMACS 4.5: a high-throughput and highly parallel open source molecular
simulation toolkit
Bioinformatics 29 (2013) pp. 845-54
-------- -------- --- Thank You --- -------- --------


++++ PLEASE READ AND CITE THE FOLLOWING REFERENCE ++++
B. Hess and C. Kutzner and D. van der Spoel and E. Lindahl
GROMACS 4: Algorithms for highly efficient, load-balanced, and scalable
molecular simulation
J. Chem. Theory Comput. 4 (2008) pp. 435-447
-------- -------- --- Thank You --- -------- --------


++++ PLEASE READ AND CITE THE FOLLOWING REFERENCE ++++
D. van der Spoel, E. Lindahl, B. Hess, G. Groenhof, A. E. Mark and H. J. C.
Berendsen
GROMACS: Fast, Flexible and Free
J. Comp. Chem. 26 (2005) pp. 1701-1719
-------- -------- --- Thank You --- -------- --------


++++ PLEASE READ AND CITE THE FOLLOWING REFERENCE ++++
E. Lindahl and B. Hess and D. van der Spoel
GROMACS 3.0: A package for molecular simulation and trajectory analysis
J. Mol. Mod. 7 (2001) pp. 306-317
-------- -------- --- Thank You --- -------- --------


++++ PLEASE READ AND CITE THE FOLLOWING REFERENCE ++++
H. J. C. Berendsen, D. van der Spoel and R. van Drunen
GROMACS: A message-passing parallel molecular dynamics implementation
Comp. Phys. Comm. 91 (1995) pp. 43-56
-------- -------- --- Thank You --- -------- --------

Input Parameters:
   integrator                     = md
   tinit                          = 0
   dt                             = 0.002
   nsteps                         = 50000000
   init-step                      = 0
   simulation-part                = 1
   mts                            = false
   comm-mode                      = Linear
   nstcomm                        = 100
   bd-fric                        = 0
   ld-seed                        = 1835162615
   emtol                          = 10
   emstep                         = 0.01
   niter                          = 20
   fcstep                         = 0
   nstcgsteep                     = 1000
   nbfgscorr                      = 10
   rtpi                           = 0.05
   nstxout                        = 0
   nstvout                        = 0
   nstfout                        = 0
   nstlog                         = 1000
   nstcalcenergy                  = 100
   nstenergy                      = 1000
   nstxout-compressed             = 50000
   compressed-x-precision         = 1000
   cutoff-scheme                  = Verlet
   nstlist                        = 100
   pbc                            = xyz
   periodic-molecules             = false
   verlet-buffer-tolerance        = 0.005
   rlist                          = 1.312
   coulombtype                    = PME
   coulomb-modifier               = Potential-shift
   rcoulomb-switch                = 0
   rcoulomb                       = 1.2
   epsilon-r                      = 1
   epsilon-rf                     = inf
   vdw-type                       = Cut-off
   vdw-modifier                   = Force-switch
   rvdw-switch                    = 1
   rvdw                           = 1.2
   DispCorr                       = No
   table-extension                = 1
   fourierspacing                 = 0.12
   fourier-nx                     = 60
   fourier-ny                     = 60
   fourier-nz                     = 80
   pme-order                      = 4
   ewald-rtol                     = 1e-05
   ewald-rtol-lj                  = 0.001
   lj-pme-comb-rule               = Geometric
   ewald-geometry                 = 3d
   epsilon-surface                = 0
   ensemble-temperature-setting   = constant
   ensemble-temperature           = 310
   tcoupl                         = V-rescale
   nsttcouple                     = 100
   nh-chain-length                = 0
   print-nose-hoover-chain-variables = false
   pcoupl                         = C-rescale
   pcoupltype                     = Semiisotropic
   nstpcouple                     = 100
   tau-p                          = 5
   compressibility (3x3):
      compressibility[    0]={ 4.50000e-05,  0.00000e+00,  0.00000e+00}
      compressibility[    1]={ 0.00000e+00,  4.50000e-05,  0.00000e+00}
      compressibility[    2]={ 0.00000e+00,  0.00000e+00,  4.50000e-05}
   ref-p (3x3):
      ref-p[    0]={ 1.00000e+00,  0.00000e+00,  0.00000e+00}
      ref-p[    1]={ 0.00000e+00,  1.00000e+00,  0.00000e+00}
      ref-p[    2]={ 0.00000e+00,  0.00000e+00,  1.00000e+00}
   refcoord-scaling               = No
   posres-com (3):
      posres-com[0]= 0.00000e+00
      posres-com[1]= 0.00000e+00
      posres-com[2]= 0.00000e+00
   posres-comB (3):
      posres-comB[0]= 0.00000e+00
      posres-comB[1]= 0.00000e+00
      posres-comB[2]= 0.00000e+00
   QMMM                           = false
qm-opts:
   ngQM                           = 0
   constraint-algorithm           = Lincs
   continuation                   = true
   Shake-SOR                      = false
   shake-tol                      = 0.0001
   lincs-order                    = 4
   lincs-iter                     = 1
   lincs-warnangle                = 30
   nwall                          = 0
   wall-type                      = 9-3
   wall-r-linpot                  = -1
   wall-atomtype[0]               = -1
   wall-atomtype[1]               = -1
   wall-density[0]                = 0
   wall-density[1]                = 0
   wall-ewald-zfac                = 3
   pull                           = false
   awh                            = false
   rotation                       = false
   interactiveMD                  = false
   disre                          = No
   disre-weighting                = Conservative
   disre-mixed                    = false
   dr-fc                          = 1000
   dr-tau                         = 0
   nstdisreout                    = 100
   orire-fc                       = 0
   orire-tau                      = 0
   nstorireout                    = 100
   free-energy                    = no
   cos-acceleration               = 0
   deform (3x3):
      deform[    0]={ 0.00000e+00,  0.00000e+00,  0.00000e+00}
      deform[    1]={ 0.00000e+00,  0.00000e+00,  0.00000e+00}
      deform[    2]={ 0.00000e+00,  0.00000e+00,  0.00000e+00}
   simulated-tempering            = false
   swapcoords                     = no
   userint1                       = 0
   userint2                       = 0
   userint3                       = 0
   userint4                       = 0
   userreal1                      = 0
   userreal2                      = 0
   userreal3                      = 0
   userreal4                      = 0
   applied-forces:
     electric-field:
       x:
         E0                       = 0
         omega                    = 0
         t0                       = 0
         sigma                    = 0
       y:
         E0                       = 0
         omega                    = 0
         t0                       = 0
         sigma                    = 0
       z:
         E0                       = 0
         omega                    = 0
         t0                       = 0
         sigma                    = 0
     density-guided-simulation:
       active                     = false
       group                      = protein
       similarity-measure         = inner-product
       atom-spreading-weight      = unity
       force-constant             = 1e+09
       gaussian-transform-spreading-width = 0.2
       gaussian-transform-spreading-range-in-multiples-of-width = 4
       reference-density-filename = reference.mrc
       nst                        = 1
       normalize-densities        = true
       adaptive-force-scaling     = false
       adaptive-force-scaling-time-constant = 4
       shift-vector               = 
       transformation-matrix      = 
     qmmm-cp2k:
       active                     = false
       qmgroup                    = System
       qmmethod                   = PBE
       qmfilenames                = 
       qmcharge                   = 0
       qmmultiplicity             = 1
grpopts:
   nrdf:       94385
   ref-t:         310
   tau-t:           1
annealing:          No
annealing-npoints:           0
   acc:	           0           0           0
   nfreeze:           N           N           N
   energygrp-flags[  0]: 0

Update groups can not be used for this system because there are three or more consecutively coupled constraints

Update task can not run on the GPU, because the following condition(s) were not satisfied:

PLUMED is not supported.

1 GPU selected for this run.
Mapping of GPU IDs to the 2 GPU tasks in the 1 rank on this node:
  PP:0,PME:0
PP tasks will do (non-perturbed) short-ranged interactions on the GPU
PP task will update and constrain coordinates on the CPU
PME tasks will do all aspects on the GPU
Using 1 MPI thread

Non-default thread affinity set, disabling internal thread affinity

Using 16 OpenMP threads 

System total charge: 0.000
Will do PME sum in reciprocal space for electrostatic interactions.

++++ PLEASE READ AND CITE THE FOLLOWING REFERENCE ++++
U. Essmann, L. Perera, M. L. Berkowitz, T. Darden, H. Lee and L. G. Pedersen 
A smooth particle mesh Ewald method
J. Chem. Phys. 103 (1995) pp. 8577-8592
-------- -------- --- Thank You --- -------- --------

Using a Gaussian width (1/beta) of 0.384195 nm for Ewald
Potential shift: LJ r^-12: -2.648e-01 r^-6: -5.349e-01, Ewald -8.333e-06
Initialized non-bonded Coulomb Ewald tables, spacing: 1.02e-03 size: 1176

Generated table with 1156 data points for 1-4 COUL.
Tabscale = 500 points/nm
Generated table with 1156 data points for 1-4 LJ6.
Tabscale = 500 points/nm
Generated table with 1156 data points for 1-4 LJ12.
Tabscale = 500 points/nm


Using GPU 8x8 nonbonded short-range kernels

Using a dual 8x8 pair-list setup updated with dynamic, rolling pruning:
  outer list: updated every 100 steps, buffer 0.112 nm, rlist 1.312 nm
  inner list: updated every  20 steps, buffer 0.001 nm, rlist 1.201 nm
At tolerance 0.005 kJ/mol/ps per atom, equivalent classical 1x1 list would be:
  outer list: updated every 100 steps, buffer 0.273 nm, rlist 1.473 nm
  inner list: updated every  20 steps, buffer 0.082 nm, rlist 1.282 nm

The non-bonded pair calculation algorithm tolerates a few missing pair interactions close to the cut-off. This can lead to a systematic overestimation of the pressure due to missing LJ interactions. The error in the average pressure due to missing LJ interactions is at most 2.80 bar.
The pressure error can be controlled by setting the environment variable GMX_VERLET_BUFFER_PRESSURE_TOLERANCE to the allowed error in units of bar.

Initializing LINear Constraint Solver

++++ PLEASE READ AND CITE THE FOLLOWING REFERENCE ++++
B. Hess and H. Bekker and H. J. C. Berendsen and J. G. E. M. Fraaije
LINCS: A Linear Constraint Solver for molecular simulations
J. Comp. Chem. 18 (1997) pp. 1463-1472
-------- -------- --- Thank You --- -------- --------

The number of constraints is 13504

++++ PLEASE READ AND CITE THE FOLLOWING REFERENCE ++++
S. Miyamoto and P. A. Kollman
SETTLE: An Analytical Version of the SHAKE and RATTLE Algorithms for Rigid
Water Models
J. Comp. Chem. 13 (1992) pp. 952-962
-------- -------- --- Thank You --- -------- --------


++++ PLEASE READ AND CITE THE FOLLOWING REFERENCE ++++
G. Bussi, D. Donadio and M. Parrinello
Canonical sampling through velocity rescaling
J. Chem. Phys. 126 (2007) pp. 014101
-------- -------- --- Thank You --- -------- --------


++++ PLEASE READ AND CITE THE FOLLOWING REFERENCE ++++
M. Bernetti, G. Bussi
Pressure control using stochastic cell rescaling
J. Chem. Phys. 153 (2020) pp. 114107
-------- -------- --- Thank You --- -------- --------

There are: 42785 Atoms
Center of mass motion removal mode is Linear
We have the following groups for center of mass motion removal:
  0:  System

PLUMED: PLUMED is starting
PLUMED: Version: 2.9.0 (git: Unknown) compiled on Nov 11 2024 at 18:32:16
PLUMED: Please cite these papers when using PLUMED [1][2]
PLUMED: For further information see the PLUMED web page at http://www.plumed.org
PLUMED: Root: /scrtp/avon/eb/software/PLUMED/2.9.0-foss-2023a/lib/plumed
PLUMED: For installed feature, see /scrtp/avon/eb/software/PLUMED/2.9.0-foss-2023a/lib/plumed/src/config/config.txt
PLUMED: Molecular dynamics engine: gromacs
PLUMED: Precision of reals: 4
PLUMED: Running over 1 node
PLUMED: Number of threads: 16
PLUMED: Cache line size: 512
PLUMED: Number of atoms: 42785
PLUMED: File suffix: 
PLUMED: FILE: smd_vfast.dat
PLUMED: Action VOLUME
PLUMED:   with label vol
PLUMED: Action ENERGY
PLUMED:   with label G
PLUMED:   Bibliography [3][4]
PLUMED: Action COM
PLUMED:   with label c
PLUMED:   serial associated to this virtual atom is 42786
PLUMED:   of atoms:
PLUMED:  42774 42775 42776 42777 42778 42779 42780 42781 42782 42783 42784 42785
PLUMED:   mass weighted
PLUMED:   broken molecules will be rebuilt assuming atoms are in the proper order
PLUMED: Action POSITION
PLUMED:   with label p
PLUMED:   for atom 42786
PLUMED:   without periodic boundary conditions
PLUMED:   added component to this action:  p.x 
PLUMED:   added component to this action:  p.y 
PLUMED:   added component to this action:  p.z 
PLUMED:   WARNING: components will not have the proper periodicity - see manual
PLUMED: Action TIME
PLUMED:   with label t
PLUMED: Action CUSTOM
PLUMED:   with label triangle
PLUMED:   with arguments t
PLUMED:   with function : 2*abs(t/3500-floor(t/3500+1/2))
PLUMED:   with variables : t
PLUMED:   function as parsed by lepton: 2*(abs((0.000285714*(t))-(floor(0.5+(0.000285714*(t))))))
PLUMED:   derivatives as computed by lepton:
PLUMED:     0.000571429*(-1+(2*(step((0.000285714*(t))-(floor(0.5+(0.000285714*(t))))))))
PLUMED: Action CUSTOM
PLUMED:   with label target
PLUMED:   with arguments triangle
PLUMED:   with function : 7*triangle
PLUMED:   with variables : triangle
PLUMED:   function as parsed by lepton: 7*(triangle)
PLUMED:   derivatives as computed by lepton:
PLUMED:     7
PLUMED: Action CUSTOM
PLUMED:   with label diff
PLUMED:   with arguments target p.z
PLUMED:   with function : target-(8.0-z)
PLUMED:   with variables : target z
PLUMED:   function as parsed by lepton: (target)-((8)-(z))
PLUMED:   derivatives as computed by lepton:
PLUMED:     1
PLUMED:     1
PLUMED: Action CUSTOM
PLUMED:   with label dir
PLUMED:   with arguments t
PLUMED:   with function : step(sin(2*pi*t/3500))*2-1
PLUMED:   with variables : t
PLUMED:   function as parsed by lepton: -1+(2*(step(sin(0.0017952*(t)))))
PLUMED:   derivatives as computed by lepton:
PLUMED:     2*(delta(sin(0.0017952*(t))))
PLUMED: Action CUSTOM
PLUMED:   with label pot
PLUMED:   with arguments diff dir
PLUMED:   with function : step(dir*diff)*0.5*1000*(diff^2)
PLUMED:   with variables : diff dir
PLUMED:   function as parsed by lepton: (500*(step((dir)*(diff))))*(square(diff))
PLUMED:   derivatives as computed by lepton:
PLUMED:     ((500*(step((dir)*(diff))))*(2*(diff)))+((square(diff))*(500*(delta((dir)*(diff)))))
PLUMED:     (square(diff))*(500*(delta((dir)*(diff))))
PLUMED: Action BIASVALUE
PLUMED:   with label r
PLUMED:   with arguments pot
PLUMED:   added component to this action:  r.bias 
PLUMED:   added component to this action:  r.pot_bias 
PLUMED: Action UPPER_WALLS
PLUMED:   with label uwall
PLUMED:   with arguments p.z
PLUMED:   added component to this action:  uwall.bias 
PLUMED:   at 8.000000
PLUMED:   with an offset 0.000000
PLUMED:   with force constant 2000.000000
PLUMED:   and exponent 2.000000
PLUMED:   rescaled 1.000000
PLUMED:   added component to this action:  uwall.force2 
PLUMED: Action LOWER_WALLS
PLUMED:   with label lwall
PLUMED:   with arguments p.z
PLUMED:   added component to this action:  lwall.bias 
PLUMED:   at 1.000000
PLUMED:   with an offset 0.000000
PLUMED:   with force constant 2000.000000
PLUMED:   and exponent 2.000000
PLUMED:   rescaled 1.000000
PLUMED:   added component to this action:  lwall.force2 
PLUMED: Action REWEIGHT_BIAS
PLUMED:   with label rwbias
PLUMED:   with arguments r.bias uwall.bias lwall.bias
PLUMED: Action HISTOGRAM
PLUMED:   with label h
PLUMED:   with stride 1
PLUMED:   with arguments p.z
PLUMED:   reweighting using weights from rwbias 
PLUMED:   grid of 801 equally spaced points between (0.5) and (8.5)
PLUMED: Action CONVERT_TO_FES
PLUMED:   with label fe
PLUMED:   using 0th component of grid calculated by action h 
PLUMED:   grid of 801 equally spaced points between (0.5) and (8.5)
PLUMED: Action DUMPGRID
PLUMED:   with label @16
PLUMED:   with stride 2500000
PLUMED:   outputting grid calculated by action fe to file named smd_vfast_fe with format %f 
PLUMED:   outputting data for replicas 0 Action PRINT
PLUMED:   with label @17
PLUMED:   with stride 1000
PLUMED:   with arguments G vol p.x p.y p.z dir target diff pot r.bias uwall.bias lwall.bias rwbias
PLUMED:   on file smd_vfast_out
PLUMED:   with format  %f
PLUMED: END FILE: smd_vfast.dat
PLUMED: Timestep: 0.002000
PLUMED: KbT: 2.577483
PLUMED: Relevant bibliography:
PLUMED:   [1] The PLUMED consortium, Nat. Methods 16, 670 (2019)
PLUMED:   [2] Tribello, Bonomi, Branduardi, Camilloni, and Bussi, Comput. Phys. Commun. 185, 604 (2014)
PLUMED:   [3] Bartels and Karplus, J. Phys. Chem. B 102, 865 (1998)
PLUMED:   [4] Bonomi and Parrinello, J. Comp. Chem. 30, 1615 (2009)
PLUMED: Please read and cite where appropriate!
PLUMED: Finished setup
Started mdrun on rank 0 Fri Nov 29 08:26:24 2024

           Step           Time
              0        0.00000

   Energies (kJ/mol)
           Bond            U-B    Proper Dih.  Improper Dih.          LJ-14
    1.14565e+04    5.72158e+04    4.26806e+04    3.37464e+02    8.09635e+03
     Coulomb-14        LJ (SR)   Coulomb (SR)   Coul. recip.      Potential
    2.42523e+04   -6.48602e+03   -4.38058e+05    1.95932e+03   -2.98546e+05
    Kinetic En.   Total Energy  Conserved En.    Temperature Pressure (bar)
    1.22193e+05   -1.76353e+05   -1.76287e+05    3.11416e+02   -2.30304e+02
   Constr. rmsd
    3.40684e-06

           Step           Time
           1000        2.00000

   Energies (kJ/mol)
           Bond            U-B    Proper Dih.  Improper Dih.          LJ-14
    1.14646e+04    5.72040e+04    4.25933e+04    3.26057e+02    8.05864e+03
     Coulomb-14        LJ (SR)   Coulomb (SR)   Coul. recip.      Potential
    2.43280e+04   -5.98997e+03   -4.38945e+05    1.97053e+03   -2.98990e+05
    Kinetic En.   Total Energy  Conserved En.    Temperature Pressure (bar)
    1.21749e+05   -1.77240e+05   -1.76354e+05    3.10284e+02   -3.23401e+02
   Constr. rmsd
    3.30133e-06

           Step           Time
           2000        4.00000

   Energies (kJ/mol)
           Bond            U-B    Proper Dih.  Improper Dih.          LJ-14
    1.13267e+04    5.74288e+04    4.24307e+04    2.76025e+02    8.16587e+03
     Coulomb-14        LJ (SR)   Coulomb (SR)   Coul. recip.      Potential
    2.45928e+04   -6.20516e+03   -4.39571e+05    1.99002e+03   -2.99565e+05
    Kinetic En.   Total Energy  Conserved En.    Temperature Pressure (bar)
    1.20776e+05   -1.78790e+05   -1.76262e+05    3.07802e+02    8.61311e+01
   Constr. rmsd
    3.41224e-06

           Step           Time
           3000        6.00000

   Energies (kJ/mol)
           Bond            U-B    Proper Dih.  Improper Dih.          LJ-14
    1.15683e+04    5.70524e+04    4.27431e+04    3.45804e+02    8.12657e+03
     Coulomb-14        LJ (SR)   Coulomb (SR)   Coul. recip.      Potential
    2.41982e+04   -7.04977e+03   -4.38390e+05    1.93122e+03   -2.99474e+05
    Kinetic En.   Total Energy  Conserved En.    Temperature Pressure (bar)
    1.21587e+05   -1.77887e+05   -1.76306e+05    3.09871e+02   -3.22774e+02
   Constr. rmsd
    3.33847e-06

           Step           Time
           4000        8.00000

   Energies (kJ/mol)
           Bond            U-B    Proper Dih.  Improper Dih.          LJ-14
    1.14857e+04    5.73241e+04    4.25943e+04    3.22935e+02    8.19032e+03
     Coulomb-14        LJ (SR)   Coulomb (SR)   Coul. recip.      Potential
    2.43745e+04   -6.25234e+03   -4.39234e+05    1.95737e+03   -2.99237e+05
    Kinetic En.   Total Energy  Conserved En.    Temperature Pressure (bar)
    1.22260e+05   -1.76977e+05   -1.76029e+05    3.11585e+02   -1.57515e+02
   Constr. rmsd
    3.33136e-06

           Step           Time
           5000       10.00000

   Energies (kJ/mol)
           Bond            U-B    Proper Dih.  Improper Dih.          LJ-14
    1.14082e+04    5.79414e+04    4.25214e+04    3.53027e+02    8.12922e+03
     Coulomb-14        LJ (SR)   Coulomb (SR)   Coul. recip.      Potential
    2.44146e+04   -5.64453e+03   -4.39992e+05    1.91632e+03   -2.98952e+05
    Kinetic En.   Total Energy  Conserved En.    Temperature Pressure (bar)
    1.22103e+05   -1.76849e+05   -1.76219e+05    3.11185e+02    1.84417e+02
   Constr. rmsd
    3.31372e-06

           Step           Time
           6000       12.00000

   Energies (kJ/mol)
           Bond            U-B    Proper Dih.  Improper Dih.          LJ-14
    1.16069e+04    5.75052e+04    4.30257e+04    3.29806e+02    8.16666e+03
     Coulomb-14        LJ (SR)   Coulomb (SR)   Coul. recip.      Potential
    2.42330e+04   -5.38531e+03   -4.39620e+05    1.92284e+03   -2.98215e+05
    Kinetic En.   Total Energy  Conserved En.    Temperature Pressure (bar)
    1.21345e+05   -1.76870e+05   -1.76255e+05    3.09253e+02   -3.97995e+01
   Constr. rmsd
    3.27774e-06

step 7000: timed with pme grid 60 60 80, coulomb cutoff 1.200: 209.1 M-cycles
           Step           Time
           7000       14.00000

   Energies (kJ/mol)
           Bond            U-B    Proper Dih.  Improper Dih.          LJ-14
    1.17345e+04    5.69942e+04    4.27886e+04    3.45934e+02    8.00687e+03
     Coulomb-14        LJ (SR)   Coulomb (SR)   Coul. recip.      Potential
    2.41351e+04   -6.24133e+03   -4.39031e+05    1.81339e+03   -2.99453e+05
    Kinetic En.   Total Energy  Conserved En.    Temperature Pressure (bar)
    1.22940e+05   -1.76514e+05   -1.75926e+05    3.13318e+02   -3.58796e+02
   Constr. rmsd
    3.43719e-06

step 7200: timed with pme grid 56 56 72, coulomb cutoff 1.227: 216.2 M-cycles
step 7400: timed with pme grid 52 52 64, coulomb cutoff 1.352: 248.5 M-cycles
step 7600: timed with pme grid 52 52 72, coulomb cutoff 1.322: 239.1 M-cycles
step 7800: timed with pme grid 56 56 72, coulomb cutoff 1.227: 216.6 M-cycles
step 8000: timed with pme grid 60 60 72, coulomb cutoff 1.201: 212.0 M-cycles
           Step           Time
           8000       16.00000

   Energies (kJ/mol)
           Bond            U-B    Proper Dih.  Improper Dih.          LJ-14
    1.14773e+04    5.74877e+04    4.25491e+04    3.56830e+02    8.16514e+03
     Coulomb-14        LJ (SR)   Coulomb (SR)   Coul. recip.      Potential
    2.41415e+04   -6.31725e+03   -4.38704e+05    1.99255e+03   -2.98852e+05
    Kinetic En.   Total Energy  Conserved En.    Temperature Pressure (bar)
    1.21757e+05   -1.77095e+05   -1.75798e+05    3.10303e+02    1.98974e+02
   Constr. rmsd
    3.25093e-06

step 8200: timed with pme grid 60 60 80, coulomb cutoff 1.200: 208.9 M-cycles
              optimal pme grid 60 60 80, coulomb cutoff 1.200
           Step           Time
           9000       18.00000

   Energies (kJ/mol)
           Bond            U-B    Proper Dih.  Improper Dih.          LJ-14
    1.15154e+04    5.74312e+04    4.25594e+04    3.49118e+02    8.09258e+03
     Coulomb-14        LJ (SR)   Coulomb (SR)   Coul. recip.      Potential
    2.40745e+04   -6.87895e+03   -4.38143e+05    2.03040e+03   -2.98969e+05
    Kinetic En.   Total Energy  Conserved En.    Temperature Pressure (bar)
    1.22204e+05   -1.76765e+05   -1.75717e+05    3.11443e+02   -1.19476e+02
   Constr. rmsd
    3.36786e-06

           Step           Time
          10000       20.00000

   Energies (kJ/mol)
           Bond            U-B    Proper Dih.  Improper Dih.          LJ-14
    1.14317e+04    5.75218e+04    4.25120e+04    3.79917e+02    8.10178e+03
     Coulomb-14        LJ (SR)   Coulomb (SR)   Coul. recip.      Potential
    2.43761e+04   -5.50598e+03   -4.39313e+05    2.02027e+03   -2.98475e+05
    Kinetic En.   Total Energy  Conserved En.    Temperature Pressure (bar)
    1.21371e+05   -1.77104e+05   -1.75657e+05    3.09320e+02    3.46662e+02
   Constr. rmsd
    3.39493e-06

           Step           Time
          11000       22.00000

   Energies (kJ/mol)
           Bond            U-B    Proper Dih.  Improper Dih.          LJ-14
    1.12878e+04    5.74159e+04    4.26856e+04    3.84945e+02    8.16247e+03
     Coulomb-14        LJ (SR)   Coulomb (SR)   Coul. recip.      Potential
    2.45524e+04   -6.09398e+03   -4.39027e+05    1.96769e+03   -2.98664e+05
    Kinetic En.   Total Energy  Conserved En.    Temperature Pressure (bar)
    1.21030e+05   -1.77634e+05   -1.75745e+05    3.08450e+02    2.23813e+02
   Constr. rmsd
    3.38910e-06

           Step           Time
          12000       24.00000

   Energies (kJ/mol)
           Bond            U-B    Proper Dih.  Improper Dih.          LJ-14
    1.15665e+04    5.69723e+04    4.24647e+04    3.79607e+02    8.11613e+03
     Coulomb-14        LJ (SR)   Coulomb (SR)   Coul. recip.      Potential
    2.45008e+04   -6.65897e+03   -4.39019e+05    2.01288e+03   -2.99665e+05
    Kinetic En.   Total Energy  Conserved En.    Temperature Pressure (bar)
    1.21984e+05   -1.77681e+05   -1.75595e+05    3.10883e+02   -3.03575e+02
   Constr. rmsd
    3.33230e-06

           Step           Time
          13000       26.00000

   Energies (kJ/mol)
           Bond            U-B    Proper Dih.  Improper Dih.          LJ-14
    1.14983e+04    5.67257e+04    4.31514e+04    3.85755e+02    8.07440e+03
     Coulomb-14        LJ (SR)   Coulomb (SR)   Coul. recip.      Potential
    2.41356e+04   -5.04281e+03   -4.40430e+05    2.03184e+03   -2.99470e+05
    Kinetic En.   Total Energy  Conserved En.    Temperature Pressure (bar)
    1.21599e+05   -1.77871e+05   -1.75434e+05    3.09901e+02    2.13155e+01
   Constr. rmsd
    3.36696e-06

           Step           Time
          14000       28.00000

   Energies (kJ/mol)
           Bond            U-B    Proper Dih.  Improper Dih.          LJ-14
    1.12214e+04    5.69842e+04    4.28598e+04    2.98528e+02    8.06430e+03
     Coulomb-14        LJ (SR)   Coulomb (SR)   Coul. recip.      Potential
    2.39612e+04   -6.87264e+03   -4.38216e+05    1.95713e+03   -2.99742e+05
    Kinetic En.   Total Energy  Conserved En.    Temperature Pressure (bar)
    1.22017e+05   -1.77725e+05   -1.75268e+05    3.10965e+02   -7.77243e+01
   Constr. rmsd
    3.33870e-06

           Step           Time
          15000       30.00000

   Energies (kJ/mol)
           Bond            U-B    Proper Dih.  Improper Dih.          LJ-14
    1.16176e+04    5.65994e+04    4.25681e+04    3.33362e+02    7.96188e+03
     Coulomb-14        LJ (SR)   Coulomb (SR)   Coul. recip.      Potential
    2.39593e+04   -6.01265e+03   -4.38664e+05    1.98037e+03   -2.99657e+05
    Kinetic En.   Total Energy  Conserved En.    Temperature Pressure (bar)
    1.21220e+05   -1.78436e+05   -1.75213e+05    3.08936e+02   -4.91166e+01
   Constr. rmsd
    3.23797e-06

           Step           Time
          16000       32.00000

   Energies (kJ/mol)
           Bond            U-B    Proper Dih.  Improper Dih.          LJ-14
    1.14521e+04    5.67736e+04    4.26316e+04    3.99967e+02    8.24533e+03
     Coulomb-14        LJ (SR)   Coulomb (SR)   Coul. recip.      Potential
    2.41347e+04   -5.81196e+03   -4.38017e+05    1.89993e+03   -2.98292e+05
    Kinetic En.   Total Energy  Conserved En.    Temperature Pressure (bar)
    1.21180e+05   -1.77112e+05   -1.75246e+05    3.08833e+02    2.39034e+02
   Constr. rmsd
    3.28448e-06

           Step           Time
          17000       34.00000

   Energies (kJ/mol)
           Bond            U-B    Proper Dih.  Improper Dih.          LJ-14
    1.14114e+04    5.72771e+04    4.25354e+04    3.21207e+02    8.03682e+03
     Coulomb-14        LJ (SR)   Coulomb (SR)   Coul. recip.      Potential
    2.39547e+04   -5.92176e+03   -4.38020e+05    1.94388e+03   -2.98461e+05
    Kinetic En.   Total Energy  Conserved En.    Temperature Pressure (bar)
    1.22827e+05   -1.75634e+05   -1.75253e+05    3.13031e+02   -1.37765e+02
   Constr. rmsd
    3.34947e-06

           Step           Time
          18000       36.00000

   Energies (kJ/mol)
           Bond            U-B    Proper Dih.  Improper Dih.          LJ-14
    1.15258e+04    5.71444e+04    4.28157e+04    3.49081e+02    8.13487e+03
     Coulomb-14        LJ (SR)   Coulomb (SR)   Coul. recip.      Potential
    2.43086e+04   -5.13857e+03   -4.38928e+05    2.02660e+03   -2.97762e+05
    Kinetic En.   Total Energy  Conserved En.    Temperature Pressure (bar)
    1.22426e+05   -1.75335e+05   -1.75228e+05    3.12010e+02   -7.16682e+01
   Constr. rmsd
    3.40824e-06

           Step           Time
          19000       38.00000

   Energies (kJ/mol)
           Bond            U-B    Proper Dih.  Improper Dih.          LJ-14
    1.14134e+04    5.73442e+04    4.29484e+04    3.46516e+02    8.16935e+03
     Coulomb-14        LJ (SR)   Coulomb (SR)   Coul. recip.      Potential
    2.40926e+04   -6.49319e+03   -4.37037e+05    1.89714e+03   -2.97319e+05
    Kinetic En.   Total Energy  Conserved En.    Temperature Pressure (bar)
    1.21821e+05   -1.75498e+05   -1.75073e+05    3.10466e+02    3.48388e+02
   Constr. rmsd
    3.33070e-06

           Step           Time
          20000       40.00000

   Energies (kJ/mol)
           Bond            U-B    Proper Dih.  Improper Dih.          LJ-14
    1.13154e+04    5.67727e+04    4.26803e+04    3.34878e+02    7.95801e+03
     Coulomb-14        LJ (SR)   Coulomb (SR)   Coul. recip.      Potential
    2.42005e+04   -6.46525e+03   -4.37922e+05    1.98962e+03   -2.99136e+05
    Kinetic En.   Total Energy  Conserved En.    Temperature Pressure (bar)
    1.22337e+05   -1.76799e+05   -1.74806e+05    3.11782e+02   -1.07441e+02
   Constr. rmsd
    3.26850e-06

           Step           Time
          21000       42.00000

   Energies (kJ/mol)
           Bond            U-B    Proper Dih.  Improper Dih.          LJ-14
    1.15543e+04    5.67946e+04    4.28149e+04    2.94876e+02    7.98011e+03
     Coulomb-14        LJ (SR)   Coulomb (SR)   Coul. recip.      Potential
    2.42701e+04   -5.61562e+03   -4.38904e+05    1.93579e+03   -2.98875e+05
    Kinetic En.   Total Energy  Conserved En.    Temperature Pressure (bar)
    1.21637e+05   -1.77238e+05   -1.74383e+05    3.09999e+02    1.58495e+02
   Constr. rmsd
    3.21996e-06

           Step           Time
          22000       44.00000

   Energies (kJ/mol)
           Bond            U-B    Proper Dih.  Improper Dih.          LJ-14
    1.15972e+04    5.68978e+04    4.26139e+04    3.75619e+02    7.90342e+03
     Coulomb-14        LJ (SR)   Coulomb (SR)   Coul. recip.      Potential
    2.45314e+04   -5.90164e+03   -4.39201e+05    1.92622e+03   -2.99257e+05
    Kinetic En.   Total Energy  Conserved En.    Temperature Pressure (bar)
    1.21898e+05   -1.77359e+05   -1.74683e+05    3.10663e+02   -2.26955e+02
   Constr. rmsd
    3.32952e-06

           Step           Time
          23000       46.00000

   Energies (kJ/mol)
           Bond            U-B    Proper Dih.  Improper Dih.          LJ-14
    1.16274e+04    5.70216e+04    4.30426e+04    3.50795e+02    8.26191e+03
     Coulomb-14        LJ (SR)   Coulomb (SR)   Coul. recip.      Potential
    2.40706e+04   -5.55694e+03   -4.38838e+05    1.98734e+03   -2.98032e+05
    Kinetic En.   Total Energy  Conserved En.    Temperature Pressure (bar)
    1.22530e+05   -1.75503e+05   -1.74645e+05    3.12273e+02    2.93951e+02
   Constr. rmsd
    3.35408e-06

           Step           Time
          24000       48.00000

   Energies (kJ/mol)
           Bond            U-B    Proper Dih.  Improper Dih.          LJ-14
    1.10303e+04    5.72632e+04    4.28396e+04    3.05053e+02    8.26115e+03
     Coulomb-14        LJ (SR)   Coulomb (SR)   Coul. recip.      Potential
    2.45089e+04   -5.50119e+03   -4.38397e+05    2.01315e+03   -2.97677e+05
    Kinetic En.   Total Energy  Conserved En.    Temperature Pressure (bar)
    1.21388e+05   -1.76289e+05   -1.74847e+05    3.09363e+02    5.06219e+02
   Constr. rmsd
    3.22780e-06

           Step           Time
          25000       50.00000

   Energies (kJ/mol)
           Bond            U-B    Proper Dih.  Improper Dih.          LJ-14
    1.15587e+04    5.67618e+04    4.24115e+04    3.77379e+02    8.04752e+03
     Coulomb-14        LJ (SR)   Coulomb (SR)   Coul. recip.      Potential
    2.42827e+04   -7.03868e+03   -4.36027e+05    1.92561e+03   -2.97701e+05
    Kinetic En.   Total Energy  Conserved En.    Temperature Pressure (bar)
    1.22115e+05   -1.75585e+05   -1.74752e+05    3.11216e+02    7.30392e+01
   Constr. rmsd
    3.34797e-06

           Step           Time
          26000       52.00000

   Energies (kJ/mol)
           Bond            U-B    Proper Dih.  Improper Dih.          LJ-14
    1.13926e+04    5.67807e+04    4.24676e+04    2.90010e+02    8.01368e+03
     Coulomb-14        LJ (SR)   Coulomb (SR)   Coul. recip.      Potential
    2.44148e+04   -5.91391e+03   -4.38366e+05    1.96504e+03   -2.98955e+05
    Kinetic En.   Total Energy  Conserved En.    Temperature Pressure (bar)
    1.22237e+05   -1.76718e+05   -1.74277e+05    3.11526e+02   -6.97642e+01
   Constr. rmsd
    3.40983e-06

           Step           Time
          27000       54.00000

   Energies (kJ/mol)
           Bond            U-B    Proper Dih.  Improper Dih.          LJ-14
    1.10167e+04    5.75916e+04    4.26192e+04    3.69383e+02    8.11697e+03
     Coulomb-14        LJ (SR)   Coulomb (SR)   Coul. recip.      Potential
    2.41292e+04   -6.18098e+03   -4.38896e+05    1.96647e+03   -2.99267e+05
    Kinetic En.   Total Energy  Conserved En.    Temperature Pressure (bar)
    1.21437e+05   -1.77830e+05   -1.73786e+05    3.09488e+02    5.73616e+02
   Constr. rmsd
    3.24699e-06

           Step           Time
          28000       56.00000

   Energies (kJ/mol)
           Bond            U-B    Proper Dih.  Improper Dih.          LJ-14
    1.14258e+04    5.66659e+04    4.27573e+04    3.68684e+02    8.08329e+03
     Coulomb-14        LJ (SR)   Coulomb (SR)   Coul. recip.      Potential
    2.45655e+04   -5.93804e+03   -4.39780e+05    1.91997e+03   -2.99932e+05
    Kinetic En.   Total Energy  Conserved En.    Temperature Pressure (bar)
    1.21934e+05   -1.77997e+05   -1.73744e+05    3.10755e+02   -9.60184e+00
   Constr. rmsd
    3.25745e-06

           Step           Time
          29000       58.00000

   Energies (kJ/mol)
           Bond            U-B    Proper Dih.  Improper Dih.          LJ-14
    1.13082e+04    5.71442e+04    4.28378e+04    3.31960e+02    8.17092e+03
     Coulomb-14        LJ (SR)   Coulomb (SR)   Coul. recip.      Potential
    2.43093e+04   -5.28287e+03   -4.39095e+05    1.95371e+03   -2.98322e+05
    Kinetic En.   Total Energy  Conserved En.    Temperature Pressure (bar)
    1.21081e+05   -1.77241e+05   -1.73847e+05    3.08581e+02    2.88017e+02
   Constr. rmsd
    3.28985e-06

           Step           Time
          30000       60.00000

   Energies (kJ/mol)
           Bond            U-B    Proper Dih.  Improper Dih.          LJ-14
    1.13163e+04    5.73368e+04    4.24818e+04    3.04126e+02    8.05711e+03
     Coulomb-14        LJ (SR)   Coulomb (SR)   Coul. recip.      Potential
    2.41791e+04   -6.45943e+03   -4.37683e+05    1.95741e+03   -2.98509e+05
    Kinetic En.   Total Energy  Conserved En.    Temperature Pressure (bar)
    1.22339e+05   -1.76170e+05   -1.73898e+05    3.11787e+02   -1.08657e+02
   Constr. rmsd
    3.25655e-06

           Step           Time
          31000       62.00000

   Energies (kJ/mol)
           Bond            U-B    Proper Dih.  Improper Dih.          LJ-14
    1.13683e+04    5.63494e+04    4.27398e+04    3.24725e+02    8.19214e+03
     Coulomb-14        LJ (SR)   Coulomb (SR)   Coul. recip.      Potential
    2.44547e+04   -4.71698e+03   -4.39469e+05    1.97974e+03   -2.98777e+05
    Kinetic En.   Total Energy  Conserved En.    Temperature Pressure (bar)
    1.21715e+05   -1.77062e+05   -1.73650e+05    3.10198e+02    4.35529e+02
   Constr. rmsd
    3.30058e-06

           Step           Time
          32000       64.00000

   Energies (kJ/mol)
           Bond            U-B    Proper Dih.  Improper Dih.          LJ-14
    1.13416e+04    5.72855e+04    4.23008e+04    3.65575e+02    8.00428e+03
     Coulomb-14        LJ (SR)   Coulomb (SR)   Coul. recip.      Potential
    2.39991e+04   -5.52691e+03   -4.38710e+05    1.93152e+03   -2.99008e+05
    Kinetic En.   Total Energy  Conserved En.    Temperature Pressure (bar)
    1.22166e+05   -1.76842e+05   -1.73699e+05    3.11346e+02    4.80212e+00
   Constr. rmsd
    3.36854e-06

           Step           Time
          33000       66.00000

   Energies (kJ/mol)
           Bond            U-B    Proper Dih.  Improper Dih.          LJ-14
    1.13668e+04    5.75030e+04    4.24255e+04    2.98625e+02    8.16603e+03
     Coulomb-14        LJ (SR)   Coulomb (SR)   Coul. recip.      Potential
    2.43303e+04   -6.47348e+03   -4.38137e+05    1.97621e+03   -2.98544e+05
    Kinetic En.   Total Energy  Conserved En.    Temperature Pressure (bar)
    1.21269e+05   -1.77276e+05   -1.73654e+05    3.09059e+02   -1.10544e+02
   Constr. rmsd
    3.22106e-06

           Step           Time
          34000       68.00000

   Energies (kJ/mol)
           Bond            U-B    Proper Dih.  Improper Dih.          LJ-14
    1.13484e+04    5.70818e+04    4.24894e+04    3.40362e+02    8.23560e+03
     Coulomb-14        LJ (SR)   Coulomb (SR)   Coul. recip.      Potential
    2.43531e+04   -4.81835e+03   -4.40213e+05    1.93775e+03   -2.99245e+05
    Kinetic En.   Total Energy  Conserved En.    Temperature Pressure (bar)
    1.22150e+05   -1.77095e+05   -1.73659e+05    3.11306e+02    2.14734e+02
   Constr. rmsd
    3.36481e-06

           Step           Time
          35000       70.00000

   Energies (kJ/mol)
           Bond            U-B    Proper Dih.  Improper Dih.          LJ-14
    1.12452e+04    5.71447e+04    4.27270e+04    3.26248e+02    8.10502e+03
     Coulomb-14        LJ (SR)   Coulomb (SR)   Coul. recip.      Potential
    2.42180e+04   -6.10676e+03   -4.39338e+05    1.97697e+03   -2.99702e+05
    Kinetic En.   Total Energy  Conserved En.    Temperature Pressure (bar)
    1.21166e+05   -1.78536e+05   -1.73624e+05    3.08797e+02   -2.89162e+01
   Constr. rmsd
    3.30805e-06

           Step           Time
          36000       72.00000

   Energies (kJ/mol)
           Bond            U-B    Proper Dih.  Improper Dih.          LJ-14
    1.17663e+04    5.74579e+04    4.25783e+04    3.44431e+02    8.06938e+03
     Coulomb-14        LJ (SR)   Coulomb (SR)   Coul. recip.      Potential
    2.42410e+04   -5.48496e+03   -4.38538e+05    1.94680e+03   -2.97619e+05
    Kinetic En.   Total Energy  Conserved En.    Temperature Pressure (bar)
    1.21692e+05   -1.75927e+05   -1.73394e+05    3.10137e+02   -1.22349e+02
   Constr. rmsd
    3.35330e-06

           Step           Time
          37000       74.00000

   Energies (kJ/mol)
           Bond            U-B    Proper Dih.  Improper Dih.          LJ-14
    1.15368e+04    5.62230e+04    4.26297e+04    3.53076e+02    8.18767e+03
     Coulomb-14        LJ (SR)   Coulomb (SR)   Coul. recip.      Potential
    2.43108e+04   -4.90574e+03   -4.41065e+05    1.99841e+03   -3.00731e+05
    Kinetic En.   Total Energy  Conserved En.    Temperature Pressure (bar)
    1.22194e+05   -1.78537e+05   -1.73234e+05    3.11417e+02    9.04467e+01
   Constr. rmsd
    3.37110e-06

           Step           Time
          38000       76.00000

   Energies (kJ/mol)
           Bond            U-B    Proper Dih.  Improper Dih.          LJ-14
    1.14720e+04    5.68807e+04    4.28322e+04    3.55029e+02    8.04850e+03
     Coulomb-14        LJ (SR)   Coulomb (SR)   Coul. recip.      Potential
    2.40107e+04   -6.03441e+03   -4.39168e+05    1.93712e+03   -2.99666e+05
    Kinetic En.   Total Energy  Conserved En.    Temperature Pressure (bar)
    1.20624e+05   -1.79042e+05   -1.73063e+05    3.07416e+02    3.13612e+01
   Constr. rmsd
    3.25283e-06

           Step           Time
          39000       78.00000

   Energies (kJ/mol)
           Bond            U-B    Proper Dih.  Improper Dih.          LJ-14
    1.14133e+04    5.66657e+04    4.26838e+04    3.60306e+02    8.07459e+03
     Coulomb-14        LJ (SR)   Coulomb (SR)   Coul. recip.      Potential
    2.44782e+04   -6.49801e+03   -4.37567e+05    1.91443e+03   -2.98475e+05
    Kinetic En.   Total Energy  Conserved En.    Temperature Pressure (bar)
    1.21234e+05   -1.77241e+05   -1.72971e+05    3.08971e+02   -1.23776e+02
   Constr. rmsd
    3.31763e-06

           Step           Time
          40000       80.00000

   Energies (kJ/mol)
           Bond            U-B    Proper Dih.  Improper Dih.          LJ-14
    1.16073e+04    5.68159e+04    4.27178e+04    3.40596e+02    8.07441e+03
     Coulomb-14        LJ (SR)   Coulomb (SR)   Coul. recip.      Potential
    2.42916e+04   -6.11842e+03   -4.37790e+05    1.99113e+03   -2.98070e+05
    Kinetic En.   Total Energy  Conserved En.    Temperature Pressure (bar)
    1.21738e+05   -1.76332e+05   -1.72919e+05    3.10254e+02   -3.91148e+02
   Constr. rmsd
    3.44417e-06

           Step           Time
          41000       82.00000

   Energies (kJ/mol)
           Bond            U-B    Proper Dih.  Improper Dih.          LJ-14
    1.14513e+04    5.69684e+04    4.27552e+04    3.25931e+02    8.18932e+03
     Coulomb-14        LJ (SR)   Coulomb (SR)   Coul. recip.      Potential
    2.46290e+04   -5.01830e+03   -4.39804e+05    1.91482e+03   -2.98588e+05
    Kinetic En.   Total Energy  Conserved En.    Temperature Pressure (bar)
    1.21076e+05   -1.77513e+05   -1.72624e+05    3.08567e+02    2.12582e+02
   Constr. rmsd
    3.36780e-06

           Step           Time
          42000       84.00000

   Energies (kJ/mol)
           Bond            U-B    Proper Dih.  Improper Dih.          LJ-14
    1.14975e+04    5.72738e+04    4.25020e+04    3.16561e+02    8.26431e+03
     Coulomb-14        LJ (SR)   Coulomb (SR)   Coul. recip.      Potential
    2.44735e+04   -6.19002e+03   -4.38578e+05    1.94573e+03   -2.98495e+05
    Kinetic En.   Total Energy  Conserved En.    Temperature Pressure (bar)
    1.21109e+05   -1.77386e+05   -1.72681e+05    3.08651e+02    1.17458e+02
   Constr. rmsd
    3.34397e-06

           Step           Time
          43000       86.00000

   Energies (kJ/mol)
           Bond            U-B    Proper Dih.  Improper Dih.          LJ-14
    1.13810e+04    5.74648e+04    4.28482e+04    3.03212e+02    8.22422e+03
     Coulomb-14        LJ (SR)   Coulomb (SR)   Coul. recip.      Potential
    2.40637e+04   -6.15771e+03   -4.38520e+05    2.04132e+03   -2.98351e+05
    Kinetic En.   Total Energy  Conserved En.    Temperature Pressure (bar)
    1.21626e+05   -1.76726e+05   -1.72899e+05    3.09969e+02    3.51734e+02
   Constr. rmsd
    3.35194e-06

           Step           Time
          44000       88.00000

   Energies (kJ/mol)
           Bond            U-B    Proper Dih.  Improper Dih.          LJ-14
    1.14454e+04    5.71094e+04    4.28500e+04    4.12160e+02    8.27221e+03
     Coulomb-14        LJ (SR)   Coulomb (SR)   Coul. recip.      Potential
    2.42058e+04   -6.37973e+03   -4.37068e+05    1.98453e+03   -2.97168e+05
    Kinetic En.   Total Energy  Conserved En.    Temperature Pressure (bar)
    1.21765e+05   -1.75403e+05   -1.72956e+05    3.10324e+02   -2.06836e+02
   Constr. rmsd
    3.37354e-06

           Step           Time
          45000       90.00000

   Energies (kJ/mol)
           Bond            U-B    Proper Dih.  Improper Dih.          LJ-14
    1.13550e+04    5.68945e+04    4.27088e+04    3.56815e+02    8.08719e+03
     Coulomb-14        LJ (SR)   Coulomb (SR)   Coul. recip.      Potential
    2.46138e+04   -6.55564e+03   -4.37974e+05    1.96185e+03   -2.98552e+05
    Kinetic En.   Total Energy  Conserved En.    Temperature Pressure (bar)
    1.22233e+05   -1.76319e+05   -1.72547e+05    3.11516e+02   -3.96935e+02
   Constr. rmsd
    3.30921e-06

           Step           Time
          46000       92.00000

   Energies (kJ/mol)
           Bond            U-B    Proper Dih.  Improper Dih.          LJ-14
    1.12597e+04    5.67130e+04    4.27010e+04    3.19083e+02    8.01424e+03
     Coulomb-14        LJ (SR)   Coulomb (SR)   Coul. recip.      Potential
    2.40230e+04   -6.59101e+03   -4.37567e+05    2.00659e+03   -2.99122e+05
    Kinetic En.   Total Energy  Conserved En.    Temperature Pressure (bar)
    1.21551e+05   -1.77570e+05   -1.72491e+05    3.09780e+02    7.89649e+00
   Constr. rmsd
    3.31935e-06

           Step           Time
          47000       94.00000

   Energies (kJ/mol)
           Bond            U-B    Proper Dih.  Improper Dih.          LJ-14
    1.14049e+04    5.68942e+04    4.28391e+04    3.28062e+02    8.09591e+03
     Coulomb-14        LJ (SR)   Coulomb (SR)   Coul. recip.      Potential
    2.41203e+04   -6.06380e+03   -4.37548e+05    2.01530e+03   -2.97914e+05
    Kinetic En.   Total Energy  Conserved En.    Temperature Pressure (bar)
    1.21475e+05   -1.76439e+05   -1.72338e+05    3.09585e+02    1.82356e+02
   Constr. rmsd
    3.33741e-06

           Step           Time
          48000       96.00000

   Energies (kJ/mol)
           Bond            U-B    Proper Dih.  Improper Dih.          LJ-14
    1.13269e+04    5.73553e+04    4.25296e+04    3.72861e+02    7.98672e+03
     Coulomb-14        LJ (SR)   Coulomb (SR)   Coul. recip.      Potential
    2.45527e+04   -6.39759e+03   -4.37611e+05    1.98838e+03   -2.97896e+05
    Kinetic En.   Total Energy  Conserved En.    Temperature Pressure (bar)
    1.21172e+05   -1.76724e+05   -1.72389e+05    3.08813e+02   -1.47385e+02
   Constr. rmsd
    3.27322e-06

           Step           Time
          49000       98.00000

   Energies (kJ/mol)
           Bond            U-B    Proper Dih.  Improper Dih.          LJ-14
    1.12879e+04    5.67059e+04    4.26234e+04    3.68739e+02    8.27733e+03
     Coulomb-14        LJ (SR)   Coulomb (SR)   Coul. recip.      Potential
    2.45462e+04   -6.47842e+03   -4.38073e+05    2.00937e+03   -2.98732e+05
    Kinetic En.   Total Energy  Conserved En.    Temperature Pressure (bar)
    1.21451e+05   -1.77282e+05   -1.72399e+05    3.09523e+02    1.58726e+02
   Constr. rmsd
    3.31965e-06

           Step           Time
          50000      100.00000

   Energies (kJ/mol)
           Bond            U-B    Proper Dih.  Improper Dih.          LJ-14
    1.13762e+04    5.69988e+04    4.23921e+04    3.72740e+02    8.04659e+03
     Coulomb-14        LJ (SR)   Coulomb (SR)   Coul. recip.      Potential
    2.41608e+04   -5.97569e+03   -4.39086e+05    1.93021e+03   -2.99784e+05
    Kinetic En.   Total Energy  Conserved En.    Temperature Pressure (bar)
    1.22062e+05   -1.77722e+05   -1.72190e+05    3.11080e+02   -1.69148e+02
   Constr. rmsd
    3.30693e-06

           Step           Time
          51000      102.00000

   Energies (kJ/mol)
           Bond            U-B    Proper Dih.  Improper Dih.          LJ-14
    1.14306e+04    5.75451e+04    4.25837e+04    4.00757e+02    8.04755e+03
     Coulomb-14        LJ (SR)   Coulomb (SR)   Coul. recip.      Potential
    2.45020e+04   -6.46580e+03   -4.38072e+05    1.96362e+03   -2.98065e+05
    Kinetic En.   Total Energy  Conserved En.    Temperature Pressure (bar)
    1.21668e+05   -1.76397e+05   -1.72011e+05    3.10077e+02   -1.96805e+02
   Constr. rmsd
    3.30445e-06

           Step           Time
          52000      104.00000

   Energies (kJ/mol)
           Bond            U-B    Proper Dih.  Improper Dih.          LJ-14
    1.12775e+04    5.77481e+04    4.25967e+04    3.25195e+02    7.98189e+03
     Coulomb-14        LJ (SR)   Coulomb (SR)   Coul. recip.      Potential
    2.41575e+04   -5.80242e+03   -4.37939e+05    1.95550e+03   -2.97699e+05
    Kinetic En.   Total Energy  Conserved En.    Temperature Pressure (bar)
    1.21794e+05   -1.75905e+05   -1.71859e+05    3.10398e+02   -1.92675e+02
   Constr. rmsd
    3.26687e-06

           Step           Time
          53000      106.00000

   Energies (kJ/mol)
           Bond            U-B    Proper Dih.  Improper Dih.          LJ-14
    1.13764e+04    5.75917e+04    4.26036e+04    3.12331e+02    8.00466e+03
     Coulomb-14        LJ (SR)   Coulomb (SR)   Coul. recip.      Potential
    2.42863e+04   -7.32460e+03   -4.36564e+05    1.98053e+03   -2.97733e+05
    Kinetic En.   Total Energy  Conserved En.    Temperature Pressure (bar)
    1.21354e+05   -1.76379e+05   -1.71601e+05    3.09277e+02   -4.39359e+02
   Constr. rmsd
    3.26013e-06

           Step           Time
          54000      108.00000

   Energies (kJ/mol)
           Bond            U-B    Proper Dih.  Improper Dih.          LJ-14
    1.11145e+04    5.74476e+04    4.27799e+04    3.44892e+02    8.06474e+03
     Coulomb-14        LJ (SR)   Coulomb (SR)   Coul. recip.      Potential
    2.40307e+04   -5.08776e+03   -4.38458e+05    1.98552e+03   -2.97778e+05
    Kinetic En.   Total Energy  Conserved En.    Temperature Pressure (bar)
    1.21014e+05   -1.76764e+05   -1.71593e+05    3.08410e+02    4.75365e+02
   Constr. rmsd
    3.31262e-06

           Step           Time
          55000      110.00000

   Energies (kJ/mol)
           Bond            U-B    Proper Dih.  Improper Dih.          LJ-14
    1.15732e+04    5.69049e+04    4.27566e+04    2.93140e+02    8.05567e+03
     Coulomb-14        LJ (SR)   Coulomb (SR)   Coul. recip.      Potential
    2.46400e+04   -6.30058e+03   -4.38699e+05    2.07208e+03   -2.98704e+05
    Kinetic En.   Total Energy  Conserved En.    Temperature Pressure (bar)
    1.21588e+05   -1.77115e+05   -1.71376e+05    3.09874e+02   -7.08485e+01
   Constr. rmsd
    3.34569e-06

           Step           Time
          56000      112.00000

   Energies (kJ/mol)
           Bond            U-B    Proper Dih.  Improper Dih.          LJ-14
    1.13750e+04    5.67156e+04    4.25732e+04    3.39683e+02    8.20981e+03
     Coulomb-14        LJ (SR)   Coulomb (SR)   Coul. recip.      Potential
    2.46289e+04   -5.78060e+03   -4.39128e+05    2.00955e+03   -2.99057e+05
    Kinetic En.   Total Energy  Conserved En.    Temperature Pressure (bar)
    1.21527e+05   -1.77529e+05   -1.71202e+05    3.09718e+02    2.25754e+02
   Constr. rmsd
    3.34200e-06

           Step           Time
          57000      114.00000

   Energies (kJ/mol)
           Bond            U-B    Proper Dih.  Improper Dih.          LJ-14
    1.14307e+04    5.74255e+04    4.25612e+04    2.91422e+02    8.15759e+03
     Coulomb-14        LJ (SR)   Coulomb (SR)   Coul. recip.      Potential
    2.48961e+04   -6.19163e+03   -4.39072e+05    1.97142e+03   -2.98530e+05
    Kinetic En.   Total Energy  Conserved En.    Temperature Pressure (bar)
    1.22205e+05   -1.76325e+05   -1.71373e+05    3.11445e+02    1.17134e+02
   Constr. rmsd
    3.30968e-06

           Step           Time
          58000      116.00000

   Energies (kJ/mol)
           Bond            U-B    Proper Dih.  Improper Dih.          LJ-14
    1.13696e+04    5.71914e+04    4.26614e+04    3.53901e+02    8.16161e+03
     Coulomb-14        LJ (SR)   Coulomb (SR)   Coul. recip.      Potential
    2.50045e+04   -6.83377e+03   -4.38053e+05    2.00931e+03   -2.98135e+05
    Kinetic En.   Total Energy  Conserved En.    Temperature Pressure (bar)
    1.20345e+05   -1.77790e+05   -1.71226e+05    3.06705e+02    3.40210e+01
   Constr. rmsd
    3.23603e-06

           Step           Time
          59000      118.00000

   Energies (kJ/mol)
           Bond            U-B    Proper Dih.  Improper Dih.          LJ-14
    1.14915e+04    5.68107e+04    4.25992e+04    3.48140e+02    8.06271e+03
     Coulomb-14        LJ (SR)   Coulomb (SR)   Coul. recip.      Potential
    2.44888e+04   -6.67207e+03   -4.37675e+05    2.06845e+03   -2.98478e+05
    Kinetic En.   Total Energy  Conserved En.    Temperature Pressure (bar)
    1.21233e+05   -1.77244e+05   -1.70987e+05    3.08969e+02   -3.36857e+02
   Constr. rmsd
    3.31134e-06

           Step           Time
          60000      120.00000

   Energies (kJ/mol)
           Bond            U-B    Proper Dih.  Improper Dih.          LJ-14
    1.15796e+04    5.66088e+04    4.25983e+04    3.32973e+02    7.98662e+03
     Coulomb-14        LJ (SR)   Coulomb (SR)   Coul. recip.      Potential
    2.47491e+04   -6.32471e+03   -4.38301e+05    1.99231e+03   -2.98778e+05
    Kinetic En.   Total Energy  Conserved En.    Temperature Pressure (bar)
    1.20920e+05   -1.77859e+05   -1.70874e+05    3.08169e+02   -1.98792e+02
   Constr. rmsd
    3.33484e-06

           Step           Time
          61000      122.00000

   Energies (kJ/mol)
           Bond            U-B    Proper Dih.  Improper Dih.          LJ-14
    1.10904e+04    5.66538e+04    4.27461e+04    3.82576e+02    8.01383e+03
     Coulomb-14        LJ (SR)   Coulomb (SR)   Coul. recip.      Potential
    2.45452e+04   -6.64975e+03   -4.38053e+05    1.93614e+03   -2.99335e+05
    Kinetic En.   Total Energy  Conserved En.    Temperature Pressure (bar)
    1.22214e+05   -1.77121e+05   -1.70529e+05    3.11468e+02   -5.74229e+01
   Constr. rmsd
    3.31886e-06

           Step           Time
          62000      124.00000

   Energies (kJ/mol)
           Bond            U-B    Proper Dih.  Improper Dih.          LJ-14
    1.12994e+04    5.69475e+04    4.26399e+04    3.63845e+02    8.02348e+03
     Coulomb-14        LJ (SR)   Coulomb (SR)   Coul. recip.      Potential
    2.46521e+04   -6.47981e+03   -4.38154e+05    1.98382e+03   -2.98724e+05
    Kinetic En.   Total Energy  Conserved En.    Temperature Pressure (bar)
    1.22266e+05   -1.76457e+05   -1.70430e+05    3.11602e+02    3.45375e+02
   Constr. rmsd
    3.28373e-06

           Step           Time
          63000      126.00000

   Energies (kJ/mol)
           Bond            U-B    Proper Dih.  Improper Dih.          LJ-14
    1.15008e+04    5.68465e+04    4.26716e+04    3.33280e+02    8.06372e+03
     Coulomb-14        LJ (SR)   Coulomb (SR)   Coul. recip.      Potential
    2.44954e+04   -6.03554e+03   -4.38313e+05    1.98714e+03   -2.98450e+05
    Kinetic En.   Total Energy  Conserved En.    Temperature Pressure (bar)
    1.21658e+05   -1.76792e+05   -1.70571e+05    3.10050e+02    9.77492e+01
   Constr. rmsd
    3.34325e-06

           Step           Time
          64000      128.00000

   Energies (kJ/mol)
           Bond            U-B    Proper Dih.  Improper Dih.          LJ-14
    1.11951e+04    5.65502e+04    4.28898e+04    3.38267e+02    8.25437e+03
     Coulomb-14        LJ (SR)   Coulomb (SR)   Coul. recip.      Potential
    2.48018e+04   -6.97655e+03   -4.37686e+05    1.98750e+03   -2.98646e+05
    Kinetic En.   Total Energy  Conserved En.    Temperature Pressure (bar)
    1.21314e+05   -1.77332e+05   -1.70736e+05    3.09174e+02    6.83765e+01
   Constr. rmsd
    3.36413e-06

           Step           Time
          65000      130.00000

   Energies (kJ/mol)
           Bond            U-B    Proper Dih.  Improper Dih.          LJ-14
    1.12918e+04    5.72358e+04    4.26103e+04    3.78699e+02    8.02569e+03
     Coulomb-14        LJ (SR)   Coulomb (SR)   Coul. recip.      Potential
    2.44718e+04   -5.15998e+03   -4.40033e+05    1.92905e+03   -2.99250e+05
    Kinetic En.   Total Energy  Conserved En.    Temperature Pressure (bar)
    1.21671e+05   -1.77579e+05   -1.70426e+05    3.10084e+02   -4.02532e+01
   Constr. rmsd
    3.24449e-06

           Step           Time
          66000      132.00000

   Energies (kJ/mol)
           Bond            U-B    Proper Dih.  Improper Dih.          LJ-14
    1.11432e+04    5.64553e+04    4.29692e+04    3.57767e+02    8.20054e+03
     Coulomb-14        LJ (SR)   Coulomb (SR)   Coul. recip.      Potential
    2.45162e+04   -5.92952e+03   -4.38965e+05    2.01658e+03   -2.99235e+05
    Kinetic En.   Total Energy  Conserved En.    Temperature Pressure (bar)
    1.21584e+05   -1.77652e+05   -1.70175e+05    3.09861e+02    2.79659e+02
   Constr. rmsd
    3.23852e-06

           Step           Time
          67000      134.00000

   Energies (kJ/mol)
           Bond            U-B    Proper Dih.  Improper Dih.          LJ-14
    1.14994e+04    5.68995e+04    4.26795e+04    3.10723e+02    8.06082e+03
     Coulomb-14        LJ (SR)   Coulomb (SR)   Coul. recip.      Potential
    2.44445e+04   -6.30663e+03   -4.39060e+05    1.96236e+03   -2.99510e+05
    Kinetic En.   Total Energy  Conserved En.    Temperature Pressure (bar)
    1.21372e+05   -1.78138e+05   -1.69953e+05    3.09321e+02    8.53105e+01
   Constr. rmsd
    3.38650e-06

           Step           Time
          68000      136.00000

   Energies (kJ/mol)
           Bond            U-B    Proper Dih.  Improper Dih.          LJ-14
    1.15671e+04    5.71948e+04    4.28287e+04    2.91903e+02    8.05204e+03
     Coulomb-14        LJ (SR)   Coulomb (SR)   Coul. recip.      Potential
    2.41604e+04   -6.41075e+03   -4.38502e+05    1.94667e+03   -2.98871e+05
    Kinetic En.   Total Energy  Conserved En.    Temperature Pressure (bar)
    1.22187e+05   -1.76684e+05   -1.69848e+05    3.11400e+02   -1.38845e+02
   Constr. rmsd
    3.24220e-06

           Step           Time
          69000      138.00000

   Energies (kJ/mol)
           Bond            U-B    Proper Dih.  Improper Dih.          LJ-14
    1.14069e+04    5.65471e+04    4.30417e+04    2.99941e+02    8.03087e+03
     Coulomb-14        LJ (SR)   Coulomb (SR)   Coul. recip.      Potential
    2.45541e+04   -6.10040e+03   -4.39266e+05    1.95107e+03   -2.99535e+05
    Kinetic En.   Total Energy  Conserved En.    Temperature Pressure (bar)
    1.22300e+05   -1.77235e+05   -1.69561e+05    3.11688e+02   -6.98127e+01
   Constr. rmsd
    3.32256e-06

           Step           Time
          70000      140.00000

   Energies (kJ/mol)
           Bond            U-B    Proper Dih.  Improper Dih.          LJ-14
    1.10456e+04    5.68308e+04    4.35370e+04    3.17006e+02    8.27268e+03
     Coulomb-14        LJ (SR)   Coulomb (SR)   Coul. recip.      Potential
    2.43474e+04   -6.52494e+03   -4.38074e+05    2.00264e+03   -2.98246e+05
    Kinetic En.   Total Energy  Conserved En.    Temperature Pressure (bar)
    1.21695e+05   -1.76551e+05   -1.69417e+05    3.10145e+02    2.09568e+02
   Constr. rmsd
    3.29368e-06

           Step           Time
          71000      142.00000

   Energies (kJ/mol)
           Bond            U-B    Proper Dih.  Improper Dih.          LJ-14
    1.14016e+04    5.66537e+04    4.29488e+04    3.67226e+02    8.30061e+03
     Coulomb-14        LJ (SR)   Coulomb (SR)   Coul. recip.      Potential
    2.42490e+04   -5.75416e+03   -4.38368e+05    1.96642e+03   -2.98235e+05
    Kinetic En.   Total Energy  Conserved En.    Temperature Pressure (bar)
    1.21644e+05   -1.76591e+05   -1.69409e+05    3.10015e+02    5.52277e+01
   Constr. rmsd
    3.31807e-06

           Step           Time
          72000      144.00000

   Energies (kJ/mol)
           Bond            U-B    Proper Dih.  Improper Dih.          LJ-14
    1.13868e+04    5.75489e+04    4.28048e+04    3.48769e+02    8.12148e+03
     Coulomb-14        LJ (SR)   Coulomb (SR)   Coul. recip.      Potential
    2.38899e+04   -6.46514e+03   -4.37605e+05    1.95006e+03   -2.98019e+05
    Kinetic En.   Total Energy  Conserved En.    Temperature Pressure (bar)
    1.21617e+05   -1.76403e+05   -1.69399e+05    3.09946e+02   -1.41718e+01
   Constr. rmsd
    3.33894e-06

           Step           Time
          73000      146.00000

   Energies (kJ/mol)
           Bond            U-B    Proper Dih.  Improper Dih.          LJ-14
    1.13878e+04    5.72168e+04    4.27459e+04    3.77638e+02    8.10022e+03
     Coulomb-14        LJ (SR)   Coulomb (SR)   Coul. recip.      Potential
    2.41404e+04   -5.86281e+03   -4.37794e+05    2.02586e+03   -2.97662e+05
    Kinetic En.   Total Energy  Conserved En.    Temperature Pressure (bar)
    1.19870e+05   -1.77792e+05   -1.69531e+05    3.05496e+02   -1.28950e+02
   Constr. rmsd
    3.25751e-06

           Step           Time
          74000      148.00000

   Energies (kJ/mol)
           Bond            U-B    Proper Dih.  Improper Dih.          LJ-14
    1.15302e+04    5.67088e+04    4.26270e+04    3.34686e+02    8.13332e+03
     Coulomb-14        LJ (SR)   Coulomb (SR)   Coul. recip.      Potential
    2.39616e+04   -7.45313e+03   -4.37250e+05    2.00855e+03   -2.99398e+05
    Kinetic En.   Total Energy  Conserved En.    Temperature Pressure (bar)
    1.22055e+05   -1.77344e+05   -1.69314e+05    3.11063e+02   -3.61073e+01
   Constr. rmsd
    3.24366e-06

           Step           Time
          75000      150.00000

   Energies (kJ/mol)
           Bond            U-B    Proper Dih.  Improper Dih.          LJ-14
    1.13402e+04    5.68097e+04    4.27219e+04    3.31488e+02    8.32358e+03
     Coulomb-14        LJ (SR)   Coulomb (SR)   Coul. recip.      Potential
    2.42763e+04   -5.99923e+03   -4.37670e+05    1.99492e+03   -2.97872e+05
    Kinetic En.   Total Energy  Conserved En.    Temperature Pressure (bar)
    1.21385e+05   -1.76487e+05   -1.69514e+05    3.09356e+02    2.74765e+02
   Constr. rmsd
    3.30189e-06

           Step           Time
          76000      152.00000

   Energies (kJ/mol)
           Bond            U-B    Proper Dih.  Improper Dih.          LJ-14
    1.12565e+04    5.70914e+04    4.26264e+04    3.49636e+02    8.19854e+03
     Coulomb-14        LJ (SR)   Coulomb (SR)   Coul. recip.      Potential
    2.41743e+04   -6.24573e+03   -4.38365e+05    1.98646e+03   -2.98927e+05
    Kinetic En.   Total Energy  Conserved En.    Temperature Pressure (bar)
    1.21352e+05   -1.77575e+05   -1.69072e+05    3.09272e+02    3.20403e+02
   Constr. rmsd
    3.36343e-06

           Step           Time
          77000      154.00000

   Energies (kJ/mol)
           Bond            U-B    Proper Dih.  Improper Dih.          LJ-14
    1.15387e+04    5.74563e+04    4.29554e+04    4.12864e+02    8.12123e+03
     Coulomb-14        LJ (SR)   Coulomb (SR)   Coul. recip.      Potential
    2.42097e+04   -5.79840e+03   -4.37941e+05    1.96559e+03   -2.97079e+05
    Kinetic En.   Total Energy  Conserved En.    Temperature Pressure (bar)
    1.20962e+05   -1.76117e+05   -1.68858e+05    3.08277e+02    1.21284e+02
   Constr. rmsd
    3.23085e-06

           Step           Time
          78000      156.00000

   Energies (kJ/mol)
           Bond            U-B    Proper Dih.  Improper Dih.          LJ-14
    1.14625e+04    5.61978e+04    4.25136e+04    3.15350e+02    8.06614e+03
     Coulomb-14        LJ (SR)   Coulomb (SR)   Coul. recip.      Potential
    2.46456e+04   -6.40035e+03   -4.38184e+05    2.07155e+03   -2.99312e+05
    Kinetic En.   Total Energy  Conserved En.    Temperature Pressure (bar)
    1.21641e+05   -1.77671e+05   -1.69254e+05    3.10008e+02   -7.84042e+01
   Constr. rmsd
    3.29227e-06

           Step           Time
          79000      158.00000

   Energies (kJ/mol)
           Bond            U-B    Proper Dih.  Improper Dih.          LJ-14
    1.11353e+04    5.67576e+04    4.27124e+04    3.53195e+02    8.15631e+03
     Coulomb-14        LJ (SR)   Coulomb (SR)   Coul. recip.      Potential
    2.43162e+04   -6.16055e+03   -4.38445e+05    2.03442e+03   -2.99140e+05
    Kinetic En.   Total Energy  Conserved En.    Temperature Pressure (bar)
    1.21859e+05   -1.77281e+05   -1.69037e+05    3.10562e+02    1.28874e+02
   Constr. rmsd
    3.30140e-06

           Step           Time
          80000      160.00000

   Energies (kJ/mol)
           Bond            U-B    Proper Dih.  Improper Dih.          LJ-14
    1.12008e+04    5.69371e+04    4.29328e+04    3.42361e+02    8.16507e+03
     Coulomb-14        LJ (SR)   Coulomb (SR)   Coul. recip.      Potential
    2.46690e+04   -6.73777e+03   -4.38153e+05    1.91011e+03   -2.98734e+05
    Kinetic En.   Total Energy  Conserved En.    Temperature Pressure (bar)
    1.22268e+05   -1.76466e+05   -1.68891e+05    3.11607e+02    2.79742e+02
   Constr. rmsd
    3.25675e-06

           Step           Time
          81000      162.00000

   Energies (kJ/mol)
           Bond            U-B    Proper Dih.  Improper Dih.          LJ-14
    1.10132e+04    5.71349e+04    4.27212e+04    3.84983e+02    7.98106e+03
     Coulomb-14        LJ (SR)   Coulomb (SR)   Coul. recip.      Potential
    2.43954e+04   -5.74649e+03   -4.37940e+05    1.91667e+03   -2.98139e+05
    Kinetic En.   Total Energy  Conserved En.    Temperature Pressure (bar)
    1.21518e+05   -1.76621e+05   -1.69050e+05    3.09696e+02    1.10204e+01
   Constr. rmsd
    3.29630e-06

           Step           Time
          82000      164.00000

   Energies (kJ/mol)
           Bond            U-B    Proper Dih.  Improper Dih.          LJ-14
    1.14968e+04    5.66803e+04    4.27580e+04    3.49288e+02    8.09020e+03
     Coulomb-14        LJ (SR)   Coulomb (SR)   Coul. recip.      Potential
    2.40866e+04   -6.02191e+03   -4.37140e+05    1.98945e+03   -2.97711e+05
    Kinetic En.   Total Energy  Conserved En.    Temperature Pressure (bar)
    1.21743e+05   -1.75968e+05   -1.68905e+05    3.10268e+02   -1.64453e+02
   Constr. rmsd
    3.34212e-06

           Step           Time
          83000      166.00000

   Energies (kJ/mol)
           Bond            U-B    Proper Dih.  Improper Dih.          LJ-14
    1.12565e+04    5.67011e+04    4.26618e+04    3.49816e+02    8.15791e+03
     Coulomb-14        LJ (SR)   Coulomb (SR)   Coul. recip.      Potential
    2.39499e+04   -5.59582e+03   -4.37529e+05    1.85366e+03   -2.98194e+05
    Kinetic En.   Total Energy  Conserved En.    Temperature Pressure (bar)
    1.22609e+05   -1.75585e+05   -1.69050e+05    3.12476e+02   -2.31295e+02
   Constr. rmsd
    3.33375e-06

           Step           Time
          84000      168.00000

   Energies (kJ/mol)
           Bond            U-B    Proper Dih.  Improper Dih.          LJ-14
    1.13168e+04    5.67241e+04    4.26617e+04    3.82732e+02    7.98871e+03
     Coulomb-14        LJ (SR)   Coulomb (SR)   Coul. recip.      Potential
    2.40741e+04   -5.43585e+03   -4.37211e+05    1.96090e+03   -2.97538e+05
    Kinetic En.   Total Energy  Conserved En.    Temperature Pressure (bar)
    1.21901e+05   -1.75637e+05   -1.69014e+05    3.10670e+02    4.19075e+01
   Constr. rmsd
    3.38690e-06

           Step           Time
          85000      170.00000

   Energies (kJ/mol)
           Bond            U-B    Proper Dih.  Improper Dih.          LJ-14
    1.14206e+04    5.73771e+04    4.27907e+04    3.64640e+02    8.15337e+03
     Coulomb-14        LJ (SR)   Coulomb (SR)   Coul. recip.      Potential
    2.44323e+04   -6.07824e+03   -4.38743e+05    1.92920e+03   -2.98354e+05
    Kinetic En.   Total Energy  Conserved En.    Temperature Pressure (bar)
    1.21894e+05   -1.76460e+05   -1.68508e+05    3.10652e+02    2.27413e+02
   Constr. rmsd
    3.35507e-06

           Step           Time
          86000      172.00000

   Energies (kJ/mol)
           Bond            U-B    Proper Dih.  Improper Dih.          LJ-14
    1.11372e+04    5.70622e+04    4.28020e+04    3.71441e+02    8.08565e+03
     Coulomb-14        LJ (SR)   Coulomb (SR)   Coul. recip.      Potential
    2.39667e+04   -6.53134e+03   -4.36681e+05    1.93209e+03   -2.97856e+05
    Kinetic En.   Total Energy  Conserved En.    Temperature Pressure (bar)
    1.21844e+05   -1.76012e+05   -1.68541e+05    3.10525e+02   -3.78464e+02
   Constr. rmsd
    3.35179e-06

           Step           Time
          87000      174.00000

   Energies (kJ/mol)
           Bond            U-B    Proper Dih.  Improper Dih.          LJ-14
    1.12251e+04    5.69010e+04    4.28996e+04    3.15426e+02    8.13367e+03
     Coulomb-14        LJ (SR)   Coulomb (SR)   Coul. recip.      Potential
    2.36593e+04   -5.59264e+03   -4.38288e+05    1.99891e+03   -2.98748e+05
    Kinetic En.   Total Energy  Conserved En.    Temperature Pressure (bar)
    1.22314e+05   -1.76434e+05   -1.68191e+05    3.11724e+02    2.12098e+02
   Constr. rmsd
    3.30113e-06

           Step           Time
          88000      176.00000

   Energies (kJ/mol)
           Bond            U-B    Proper Dih.  Improper Dih.          LJ-14
    1.14216e+04    5.68886e+04    4.30276e+04    2.88821e+02    8.15581e+03
     Coulomb-14        LJ (SR)   Coulomb (SR)   Coul. recip.      Potential
    2.40142e+04   -6.81828e+03   -4.36782e+05    1.91215e+03   -2.97891e+05
    Kinetic En.   Total Energy  Conserved En.    Temperature Pressure (bar)
    1.22487e+05   -1.75404e+05   -1.68098e+05    3.12164e+02   -1.11105e+02
   Constr. rmsd
    3.37618e-06

           Step           Time
          89000      178.00000

   Energies (kJ/mol)
           Bond            U-B    Proper Dih.  Improper Dih.          LJ-14
    1.13237e+04    5.69083e+04    4.28657e+04    2.96097e+02    8.13187e+03
     Coulomb-14        LJ (SR)   Coulomb (SR)   Coul. recip.      Potential
    2.37917e+04   -6.23535e+03   -4.37710e+05    1.96528e+03   -2.98663e+05
    Kinetic En.   Total Energy  Conserved En.    Temperature Pressure (bar)
    1.22282e+05   -1.76381e+05   -1.68042e+05    3.11641e+02   -1.29361e+02
   Constr. rmsd
    3.35108e-06

           Step           Time
          90000      180.00000

   Energies (kJ/mol)
           Bond            U-B    Proper Dih.  Improper Dih.          LJ-14
    1.11679e+04    5.76428e+04    4.27258e+04    3.21161e+02    8.22782e+03
     Coulomb-14        LJ (SR)   Coulomb (SR)   Coul. recip.      Potential
    2.35247e+04   -6.57371e+03   -4.36927e+05    1.96329e+03   -2.97928e+05
    Kinetic En.   Total Energy  Conserved En.    Temperature Pressure (bar)
    1.21851e+05   -1.76077e+05   -1.67754e+05    3.10542e+02    2.08400e+02
   Constr. rmsd
    3.41523e-06

           Step           Time
          91000      182.00000

   Energies (kJ/mol)
           Bond            U-B    Proper Dih.  Improper Dih.          LJ-14
    1.12922e+04    5.71425e+04    4.26204e+04    3.16128e+02    8.06651e+03
     Coulomb-14        LJ (SR)   Coulomb (SR)   Coul. recip.      Potential
    2.36157e+04   -5.47591e+03   -4.37802e+05    1.98142e+03   -2.98243e+05
    Kinetic En.   Total Energy  Conserved En.    Temperature Pressure (bar)
    1.21659e+05   -1.76584e+05   -1.67666e+05    3.10053e+02    1.44140e+02
   Constr. rmsd
    3.26015e-06

           Step           Time
          92000      184.00000

   Energies (kJ/mol)
           Bond            U-B    Proper Dih.  Improper Dih.          LJ-14
    1.14093e+04    5.67662e+04    4.30442e+04    3.65956e+02    8.25057e+03
     Coulomb-14        LJ (SR)   Coulomb (SR)   Coul. recip.      Potential
    2.37586e+04   -6.40747e+03   -4.37376e+05    1.98003e+03   -2.98208e+05
    Kinetic En.   Total Energy  Conserved En.    Temperature Pressure (bar)
    1.22435e+05   -1.75773e+05   -1.67553e+05    3.12032e+02    2.68399e+02
   Constr. rmsd
    3.30795e-06

           Step           Time
          93000      186.00000

   Energies (kJ/mol)
           Bond            U-B    Proper Dih.  Improper Dih.          LJ-14
    1.12314e+04    5.70100e+04    4.27177e+04    3.48063e+02    8.15673e+03
     Coulomb-14        LJ (SR)   Coulomb (SR)   Coul. recip.      Potential
    2.35612e+04   -6.54173e+03   -4.37485e+05    1.92962e+03   -2.99073e+05
    Kinetic En.   Total Energy  Conserved En.    Temperature Pressure (bar)
    1.21754e+05   -1.77318e+05   -1.67301e+05    3.10296e+02    5.23053e+01
   Constr. rmsd
    3.34469e-06

           Step           Time
          94000      188.00000

   Energies (kJ/mol)
           Bond            U-B    Proper Dih.  Improper Dih.          LJ-14
    1.12133e+04    5.70129e+04    4.26836e+04    3.37460e+02    8.15459e+03
     Coulomb-14        LJ (SR)   Coulomb (SR)   Coul. recip.      Potential
    2.37870e+04   -6.51383e+03   -4.37683e+05    1.93850e+03   -2.99070e+05
    Kinetic En.   Total Energy  Conserved En.    Temperature Pressure (bar)
    1.21769e+05   -1.77301e+05   -1.67480e+05    3.10334e+02   -1.69087e+02
   Constr. rmsd
    3.32370e-06

           Step           Time
          95000      190.00000

   Energies (kJ/mol)
           Bond            U-B    Proper Dih.  Improper Dih.          LJ-14
    1.13999e+04    5.72546e+04    4.28011e+04    2.88112e+02    8.04426e+03
     Coulomb-14        LJ (SR)   Coulomb (SR)   Coul. recip.      Potential
    2.39069e+04   -5.81706e+03   -4.38468e+05    1.97898e+03   -2.98611e+05
    Kinetic En.   Total Energy  Conserved En.    Temperature Pressure (bar)
    1.22548e+05   -1.76064e+05   -1.67307e+05    3.12319e+02   -1.44346e+02
   Constr. rmsd
    3.42101e-06

           Step           Time
          96000      192.00000

   Energies (kJ/mol)
           Bond            U-B    Proper Dih.  Improper Dih.          LJ-14
    1.14777e+04    5.68875e+04    4.26841e+04    3.94858e+02    8.00086e+03
     Coulomb-14        LJ (SR)   Coulomb (SR)   Coul. recip.      Potential
    2.39158e+04   -6.72122e+03   -4.37575e+05    1.95744e+03   -2.98978e+05
    Kinetic En.   Total Energy  Conserved En.    Temperature Pressure (bar)
    1.22474e+05   -1.76503e+05   -1.67268e+05    3.12132e+02   -3.96987e+02
   Constr. rmsd
    3.29180e-06

           Step           Time
          97000      194.00000

   Energies (kJ/mol)
           Bond            U-B    Proper Dih.  Improper Dih.          LJ-14
    1.12547e+04    5.76091e+04    4.28938e+04    3.72893e+02    8.13339e+03
     Coulomb-14        LJ (SR)   Coulomb (SR)   Coul. recip.      Potential
    2.35451e+04   -6.55924e+03   -4.35681e+05    1.97447e+03   -2.96457e+05
    Kinetic En.   Total Energy  Conserved En.    Temperature Pressure (bar)
    1.21897e+05   -1.74560e+05   -1.67468e+05    3.10661e+02   -4.87688e+01
   Constr. rmsd
    3.38122e-06

           Step           Time
          98000      196.00000

   Energies (kJ/mol)
           Bond            U-B    Proper Dih.  Improper Dih.          LJ-14
    1.14264e+04    5.66314e+04    4.28593e+04    3.40272e+02    8.03941e+03
     Coulomb-14        LJ (SR)   Coulomb (SR)   Coul. recip.      Potential
    2.36589e+04   -6.01365e+03   -4.37211e+05    1.97532e+03   -2.98294e+05
    Kinetic En.   Total Energy  Conserved En.    Temperature Pressure (bar)
    1.23341e+05   -1.74953e+05   -1.67515e+05    3.14340e+02   -1.18312e+02
   Constr. rmsd
    3.42495e-06

           Step           Time
          99000      198.00000

   Energies (kJ/mol)
           Bond            U-B    Proper Dih.  Improper Dih.          LJ-14
    1.16754e+04    5.70684e+04    4.28472e+04    2.88699e+02    8.24880e+03
     Coulomb-14        LJ (SR)   Coulomb (SR)   Coul. recip.      Potential
    2.41267e+04   -6.54130e+03   -4.37491e+05    2.00480e+03   -2.97773e+05
    Kinetic En.   Total Energy  Conserved En.    Temperature Pressure (bar)
    1.22097e+05   -1.75675e+05   -1.67219e+05    3.11171e+02    6.25998e+01
   Constr. rmsd
    3.27942e-06

           Step           Time
         100000      200.00000

   Energies (kJ/mol)
           Bond            U-B    Proper Dih.  Improper Dih.          LJ-14
    1.13401e+04    5.70892e+04    4.29321e+04    3.36388e+02    8.10776e+03
     Coulomb-14        LJ (SR)   Coulomb (SR)   Coul. recip.      Potential
    2.37543e+04   -6.20834e+03   -4.37929e+05    1.93053e+03   -2.98647e+05
    Kinetic En.   Total Energy  Conserved En.    Temperature Pressure (bar)
    1.21077e+05   -1.77570e+05   -1.67128e+05    3.08570e+02    3.96803e+00
   Constr. rmsd
    3.29966e-06

           Step           Time
         101000      202.00000

   Energies (kJ/mol)
           Bond            U-B    Proper Dih.  Improper Dih.          LJ-14
    1.12937e+04    5.65527e+04    4.29221e+04    3.64955e+02    8.21832e+03
     Coulomb-14        LJ (SR)   Coulomb (SR)   Coul. recip.      Potential
    2.38261e+04   -6.82246e+03   -4.37390e+05    1.97478e+03   -2.99060e+05
    Kinetic En.   Total Energy  Conserved En.    Temperature Pressure (bar)
    1.21500e+05   -1.77560e+05   -1.66890e+05    3.09650e+02   -3.93700e+00
   Constr. rmsd
    3.32571e-06

           Step           Time
         102000      204.00000

   Energies (kJ/mol)
           Bond            U-B    Proper Dih.  Improper Dih.          LJ-14
    1.13364e+04    5.69239e+04    4.28196e+04    3.56368e+02    8.12009e+03
     Coulomb-14        LJ (SR)   Coulomb (SR)   Coul. recip.      Potential
    2.39650e+04   -6.62001e+03   -4.37505e+05    1.91993e+03   -2.98683e+05
    Kinetic En.   Total Energy  Conserved En.    Temperature Pressure (bar)
    1.21403e+05   -1.77280e+05   -1.66913e+05    3.09401e+02   -3.96879e+01
   Constr. rmsd
    3.28552e-06

           Step           Time
         103000      206.00000

   Energies (kJ/mol)
           Bond            U-B    Proper Dih.  Improper Dih.          LJ-14
    1.12430e+04    5.70619e+04    4.26091e+04    3.27341e+02    8.23178e+03
     Coulomb-14        LJ (SR)   Coulomb (SR)   Coul. recip.      Potential
    2.41051e+04   -6.22886e+03   -4.38010e+05    1.98889e+03   -2.98672e+05
    Kinetic En.   Total Energy  Conserved En.    Temperature Pressure (bar)
    1.21097e+05   -1.77575e+05   -1.66905e+05    3.08622e+02   -1.50353e+02
   Constr. rmsd
    3.34283e-06

           Step           Time
         104000      208.00000

   Energies (kJ/mol)
           Bond            U-B    Proper Dih.  Improper Dih.          LJ-14
    1.13478e+04    5.67380e+04    4.27117e+04    3.53952e+02    8.14247e+03
     Coulomb-14        LJ (SR)   Coulomb (SR)   Coul. recip.      Potential
    2.33707e+04   -5.95865e+03   -4.37561e+05    1.94660e+03   -2.98909e+05
    Kinetic En.   Total Energy  Conserved En.    Temperature Pressure (bar)
    1.20424e+05   -1.78484e+05   -1.66767e+05    3.06907e+02    2.99651e+02
   Constr. rmsd
    3.33797e-06

           Step           Time
         105000      210.00000

   Energies (kJ/mol)
           Bond            U-B    Proper Dih.  Improper Dih.          LJ-14
    1.12692e+04    5.65908e+04    4.27068e+04    3.71605e+02    8.29417e+03
     Coulomb-14        LJ (SR)   Coulomb (SR)   Coul. recip.      Potential
    2.37873e+04   -5.20125e+03   -4.39003e+05    1.95711e+03   -2.99228e+05
    Kinetic En.   Total Energy  Conserved En.    Temperature Pressure (bar)
    1.21746e+05   -1.77481e+05   -1.66732e+05    3.10276e+02   -5.27821e+01
   Constr. rmsd
    3.32391e-06

           Step           Time
         106000      212.00000

   Energies (kJ/mol)
           Bond            U-B    Proper Dih.  Improper Dih.          LJ-14
    1.14279e+04    5.75331e+04    4.28648e+04    3.52944e+02    8.07589e+03
     Coulomb-14        LJ (SR)   Coulomb (SR)   Coul. recip.      Potential
    2.38170e+04   -6.19426e+03   -4.37515e+05    1.96719e+03   -2.97671e+05
    Kinetic En.   Total Energy  Conserved En.    Temperature Pressure (bar)
    1.20859e+05   -1.76812e+05   -1.66339e+05    3.08014e+02   -3.98084e+01
   Constr. rmsd
    3.25873e-06

           Step           Time
         107000      214.00000

   Energies (kJ/mol)
           Bond            U-B    Proper Dih.  Improper Dih.          LJ-14
    1.14750e+04    5.74609e+04    4.30405e+04    3.42260e+02    8.13493e+03
     Coulomb-14        LJ (SR)   Coulomb (SR)   Coul. recip.      Potential
    2.36788e+04   -6.23509e+03   -4.37724e+05    1.94426e+03   -2.97883e+05
    Kinetic En.   Total Energy  Conserved En.    Temperature Pressure (bar)
    1.22586e+05   -1.75297e+05   -1.66042e+05    3.12416e+02   -1.91017e+02
   Constr. rmsd
    3.31219e-06

           Step           Time
         108000      216.00000

   Energies (kJ/mol)
           Bond            U-B    Proper Dih.  Improper Dih.          LJ-14
    1.15909e+04    5.69268e+04    4.29272e+04    3.50380e+02    8.18961e+03
     Coulomb-14        LJ (SR)   Coulomb (SR)   Coul. recip.      Potential
    2.37625e+04   -5.81116e+03   -4.38975e+05    1.90163e+03   -2.99137e+05
    Kinetic En.   Total Energy  Conserved En.    Temperature Pressure (bar)
    1.22065e+05   -1.77072e+05   -1.66090e+05    3.11088e+02   -5.64495e+01
   Constr. rmsd
    3.30307e-06

           Step           Time
         109000      218.00000

   Energies (kJ/mol)
           Bond            U-B    Proper Dih.  Improper Dih.          LJ-14
    1.14358e+04    5.68049e+04    4.31366e+04    3.68664e+02    8.09252e+03
     Coulomb-14        LJ (SR)   Coulomb (SR)   Coul. recip.      Potential
    2.35617e+04   -6.66859e+03   -4.37386e+05    1.98947e+03   -2.98666e+05
    Kinetic En.   Total Energy  Conserved En.    Temperature Pressure (bar)
    1.21675e+05   -1.76991e+05   -1.65788e+05    3.10095e+02   -2.38498e+02
   Constr. rmsd
    3.25438e-06

           Step           Time
         110000      220.00000

   Energies (kJ/mol)
           Bond            U-B    Proper Dih.  Improper Dih.          LJ-14
    1.13450e+04    5.73984e+04    4.29287e+04    3.57779e+02    8.28955e+03
     Coulomb-14        LJ (SR)   Coulomb (SR)   Coul. recip.      Potential
    2.39133e+04   -5.88369e+03   -4.37583e+05    1.98393e+03   -2.97250e+05
    Kinetic En.   Total Energy  Conserved En.    Temperature Pressure (bar)
    1.21863e+05   -1.75386e+05   -1.65469e+05    3.10575e+02    2.21737e+02
   Constr. rmsd
    3.35805e-06

           Step           Time
         111000      222.00000

   Energies (kJ/mol)
           Bond            U-B    Proper Dih.  Improper Dih.          LJ-14
    1.14569e+04    5.73862e+04    4.28395e+04    3.79605e+02    7.97935e+03
     Coulomb-14        LJ (SR)   Coulomb (SR)   Coul. recip.      Potential
    2.40647e+04   -7.26508e+03   -4.37082e+05    1.99677e+03   -2.98244e+05
    Kinetic En.   Total Energy  Conserved En.    Temperature Pressure (bar)
    1.22457e+05   -1.75787e+05   -1.65419e+05    3.12087e+02   -3.76839e+02
   Constr. rmsd
    3.38250e-06

           Step           Time
         112000      224.00000

   Energies (kJ/mol)
           Bond            U-B    Proper Dih.  Improper Dih.          LJ-14
    1.13463e+04    5.72418e+04    4.29232e+04    3.94465e+02    8.26792e+03
     Coulomb-14        LJ (SR)   Coulomb (SR)   Coul. recip.      Potential
    2.44781e+04   -6.80606e+03   -4.37520e+05    1.95058e+03   -2.97724e+05
    Kinetic En.   Total Energy  Conserved En.    Temperature Pressure (bar)
    1.21698e+05   -1.76026e+05   -1.65333e+05    3.10154e+02   -1.72419e+02
   Constr. rmsd
    3.40970e-06

           Step           Time
         113000      226.00000

   Energies (kJ/mol)
           Bond            U-B    Proper Dih.  Improper Dih.          LJ-14
    1.14402e+04    5.73910e+04    4.28486e+04    3.75498e+02    8.19651e+03
     Coulomb-14        LJ (SR)   Coulomb (SR)   Coul. recip.      Potential
    2.40888e+04   -6.07109e+03   -4.37938e+05    2.02465e+03   -2.97644e+05
    Kinetic En.   Total Energy  Conserved En.    Temperature Pressure (bar)
    1.20890e+05   -1.76753e+05   -1.65321e+05    3.08095e+02    1.57958e+02
   Constr. rmsd
    3.40883e-06

           Step           Time
         114000      228.00000

   Energies (kJ/mol)
           Bond            U-B    Proper Dih.  Improper Dih.          LJ-14
    1.12470e+04    5.70663e+04    4.26759e+04    3.73154e+02    8.04432e+03
     Coulomb-14        LJ (SR)   Coulomb (SR)   Coul. recip.      Potential
    2.41397e+04   -6.71051e+03   -4.37092e+05    1.99930e+03   -2.98257e+05
    Kinetic En.   Total Energy  Conserved En.    Temperature Pressure (bar)
    1.22689e+05   -1.75568e+05   -1.65254e+05    3.12680e+02   -1.25172e+02
   Constr. rmsd
    3.33585e-06

           Step           Time
         115000      230.00000

   Energies (kJ/mol)
           Bond            U-B    Proper Dih.  Improper Dih.          LJ-14
    1.13230e+04    5.70934e+04    4.30055e+04    2.90149e+02    8.34727e+03
     Coulomb-14        LJ (SR)   Coulomb (SR)   Coul. recip.      Potential
    2.41566e+04   -6.16746e+03   -4.38378e+05    1.91156e+03   -2.98418e+05
    Kinetic En.   Total Energy  Conserved En.    Temperature Pressure (bar)
    1.22100e+05   -1.76318e+05   -1.65146e+05    3.11177e+02    2.90822e+02
   Constr. rmsd
    3.26817e-06

           Step           Time
         116000      232.00000

   Energies (kJ/mol)
           Bond            U-B    Proper Dih.  Improper Dih.          LJ-14
    1.15059e+04    5.70750e+04    4.30027e+04    3.82184e+02    8.14635e+03
     Coulomb-14        LJ (SR)   Coulomb (SR)   Coul. recip.      Potential
    2.39891e+04   -6.79799e+03   -4.37919e+05    1.97048e+03   -2.98646e+05
    Kinetic En.   Total Energy  Conserved En.    Temperature Pressure (bar)
    1.22294e+05   -1.76352e+05   -1.65052e+05    3.11672e+02   -1.38390e+02
   Constr. rmsd
    3.36630e-06

           Step           Time
         117000      234.00000

   Energies (kJ/mol)
           Bond            U-B    Proper Dih.  Improper Dih.          LJ-14
    1.13850e+04    5.75870e+04    4.29530e+04    3.44960e+02    8.18205e+03
     Coulomb-14        LJ (SR)   Coulomb (SR)   Coul. recip.      Potential
    2.35623e+04   -6.96950e+03   -4.37340e+05    1.93629e+03   -2.98359e+05
    Kinetic En.   Total Energy  Conserved En.    Temperature Pressure (bar)
    1.22022e+05   -1.76338e+05   -1.64911e+05    3.10978e+02   -2.65188e+02
   Constr. rmsd
    3.32256e-06

           Step           Time
         118000      236.00000

   Energies (kJ/mol)
           Bond            U-B    Proper Dih.  Improper Dih.          LJ-14
    1.13960e+04    5.67894e+04    4.29851e+04    3.77696e+02    8.39464e+03
     Coulomb-14        LJ (SR)   Coulomb (SR)   Coul. recip.      Potential
    2.36894e+04   -5.97450e+03   -4.38052e+05    1.97183e+03   -2.98422e+05
    Kinetic En.   Total Energy  Conserved En.    Temperature Pressure (bar)
    1.21880e+05   -1.76542e+05   -1.64843e+05    3.10618e+02   -2.26056e+01
   Constr. rmsd
    3.37851e-06

           Step           Time
         119000      238.00000

   Energies (kJ/mol)
           Bond            U-B    Proper Dih.  Improper Dih.          LJ-14
    1.12190e+04    5.72042e+04    4.29567e+04    3.36284e+02    8.06579e+03
     Coulomb-14        LJ (SR)   Coulomb (SR)   Coul. recip.      Potential
    2.32483e+04   -6.15251e+03   -4.37368e+05    1.95589e+03   -2.98534e+05
    Kinetic En.   Total Energy  Conserved En.    Temperature Pressure (bar)
    1.21302e+05   -1.77232e+05   -1.64801e+05    3.09145e+02   -1.31644e+02
   Constr. rmsd
    3.37522e-06

           Step           Time
         120000      240.00000

   Energies (kJ/mol)
           Bond            U-B    Proper Dih.  Improper Dih.          LJ-14
    1.14779e+04    5.67516e+04    4.29526e+04    3.35231e+02    8.29633e+03
     Coulomb-14        LJ (SR)   Coulomb (SR)   Coul. recip.      Potential
    2.33557e+04   -6.90574e+03   -4.36523e+05    1.96332e+03   -2.98296e+05
    Kinetic En.   Total Energy  Conserved En.    Temperature Pressure (bar)
    1.21409e+05   -1.76887e+05   -1.65076e+05    3.09417e+02    4.83240e+00
   Constr. rmsd
    3.41416e-06

           Step           Time
         121000      242.00000

   Energies (kJ/mol)
           Bond            U-B    Proper Dih.  Improper Dih.          LJ-14
    1.11699e+04    5.66329e+04    4.27699e+04    3.10104e+02    8.03760e+03
     Coulomb-14        LJ (SR)   Coulomb (SR)   Coul. recip.      Potential
    2.34688e+04   -6.30086e+03   -4.37828e+05    2.04436e+03   -2.99695e+05
    Kinetic En.   Total Energy  Conserved En.    Temperature Pressure (bar)
    1.22083e+05   -1.77613e+05   -1.65059e+05    3.11133e+02    7.17902e+01
   Constr. rmsd
    3.32431e-06

           Step           Time
         122000      244.00000

   Energies (kJ/mol)
           Bond            U-B    Proper Dih.  Improper Dih.          LJ-14
    1.11742e+04    5.72351e+04    4.29388e+04    3.07968e+02    8.16305e+03
     Coulomb-14        LJ (SR)   Coulomb (SR)   Coul. recip.      Potential
    2.40310e+04   -6.74925e+03   -4.37397e+05    1.94020e+03   -2.98356e+05
    Kinetic En.   Total Energy  Conserved En.    Temperature Pressure (bar)
    1.21599e+05   -1.76757e+05   -1.64949e+05    3.09900e+02   -1.04462e+02
   Constr. rmsd
    3.25830e-06

           Step           Time
         123000      246.00000

   Energies (kJ/mol)
           Bond            U-B    Proper Dih.  Improper Dih.          LJ-14
    1.17458e+04    5.67816e+04    4.28607e+04    3.71361e+02    8.21750e+03
     Coulomb-14        LJ (SR)   Coulomb (SR)   Coul. recip.      Potential
    2.37850e+04   -7.62249e+03   -4.36115e+05    2.00490e+03   -2.97970e+05
    Kinetic En.   Total Energy  Conserved En.    Temperature Pressure (bar)
    1.22065e+05   -1.75906e+05   -1.64515e+05    3.11087e+02   -2.12766e+02
   Constr. rmsd
    3.30270e-06

           Step           Time
         124000      248.00000

   Energies (kJ/mol)
           Bond            U-B    Proper Dih.  Improper Dih.          LJ-14
    1.13348e+04    5.72448e+04    4.28661e+04    3.56155e+02    8.23084e+03
     Coulomb-14        LJ (SR)   Coulomb (SR)   Coul. recip.      Potential
    2.41853e+04   -6.47128e+03   -4.37852e+05    2.05853e+03   -2.98047e+05
    Kinetic En.   Total Energy  Conserved En.    Temperature Pressure (bar)
    1.22663e+05   -1.75384e+05   -1.64450e+05    3.12612e+02    1.37942e+02
   Constr. rmsd
    3.41019e-06

           Step           Time
         125000      250.00000

   Energies (kJ/mol)
           Bond            U-B    Proper Dih.  Improper Dih.          LJ-14
    1.14148e+04    5.69085e+04    4.28877e+04    3.51735e+02    8.11259e+03
     Coulomb-14        LJ (SR)   Coulomb (SR)   Coul. recip.      Potential
    2.41610e+04   -6.09136e+03   -4.38460e+05    1.97399e+03   -2.98741e+05
    Kinetic En.   Total Energy  Conserved En.    Temperature Pressure (bar)
    1.20777e+05   -1.77964e+05   -1.64148e+05    3.07806e+02    3.09493e+02
   Constr. rmsd
    3.30014e-06

           Step           Time
         126000      252.00000

   Energies (kJ/mol)
           Bond            U-B    Proper Dih.  Improper Dih.          LJ-14
    1.16724e+04    5.74886e+04    4.28379e+04    2.96660e+02    8.23795e+03
     Coulomb-14        LJ (SR)   Coulomb (SR)   Coul. recip.      Potential
    2.45426e+04   -6.51171e+03   -4.38336e+05    1.95109e+03   -2.97821e+05
    Kinetic En.   Total Energy  Conserved En.    Temperature Pressure (bar)
    1.22032e+05   -1.75788e+05   -1.63965e+05    3.11005e+02   -3.63525e+01
   Constr. rmsd
    3.21743e-06

           Step           Time
         127000      254.00000

   Energies (kJ/mol)
           Bond            U-B    Proper Dih.  Improper Dih.          LJ-14
    1.13262e+04    5.63304e+04    4.25517e+04    4.18545e+02    8.15380e+03
     Coulomb-14        LJ (SR)   Coulomb (SR)   Coul. recip.      Potential
    2.45229e+04   -7.10734e+03   -4.37192e+05    2.02031e+03   -2.98975e+05
    Kinetic En.   Total Energy  Conserved En.    Temperature Pressure (bar)
    1.22682e+05   -1.76293e+05   -1.64053e+05    3.12660e+02   -1.17749e+02
   Constr. rmsd
    3.35275e-06

           Step           Time
         128000      256.00000

   Energies (kJ/mol)
           Bond            U-B    Proper Dih.  Improper Dih.          LJ-14
    1.14133e+04    5.74583e+04    4.25570e+04    3.16549e+02    7.95010e+03
     Coulomb-14        LJ (SR)   Coulomb (SR)   Coul. recip.      Potential
    2.41451e+04   -6.35184e+03   -4.38938e+05    2.01325e+03   -2.99437e+05
    Kinetic En.   Total Energy  Conserved En.    Temperature Pressure (bar)
    1.22021e+05   -1.77415e+05   -1.63896e+05    3.10977e+02   -7.31489e+01
   Constr. rmsd
    3.24968e-06

           Step           Time
         129000      258.00000

   Energies (kJ/mol)
           Bond            U-B    Proper Dih.  Improper Dih.          LJ-14
    1.12233e+04    5.69731e+04    4.26997e+04    3.60485e+02    8.28533e+03
     Coulomb-14        LJ (SR)   Coulomb (SR)   Coul. recip.      Potential
    2.39938e+04   -7.14027e+03   -4.36794e+05    1.99785e+03   -2.98401e+05
    Kinetic En.   Total Energy  Conserved En.    Temperature Pressure (bar)
    1.20983e+05   -1.77418e+05   -1.63786e+05    3.08331e+02    3.23652e+01
   Constr. rmsd
    3.34052e-06

